../Core/Src/main.c:73:6:HAL_UART_RxCpltCallback	24	static,ignoring_inline_asm
../Core/Src/main.c:166:5:_write	24	static
../Core/Src/main.c:178:5:main	16	static
../Core/Src/main.c:266:6:SystemClock_Config	88	static
../Core/Src/main.c:312:13:MX_I2C1_Init	8	static
../Core/Src/main.c:346:13:MX_TIM2_Init	32	static
../Core/Src/main.c:391:13:MX_USART2_UART_Init	8	static
../Core/Src/main.c:424:13:MX_GPIO_Init	48	static
../Core/Src/main.c:453:6:HAL_TIM_PeriodElapsedCallback	16	static
../Core/Src/main.c:466:6:Error_Handler	4	static,ignoring_inline_asm
