../Core/Src/main.c:90:6:HAL_UART_RxCpltCallback	24	static,ignoring_inline_asm
../Core/Src/main.c:213:5:_write	24	static
../Core/Src/main.c:225:5:main	16	static
../Core/Src/main.c:327:6:SystemClock_Config	88	static
../Core/Src/main.c:374:13:MX_I2C1_Init	8	static
../Core/Src/main.c:408:13:MX_RTC_Init	32	static
../Core/Src/main.c:470:13:MX_TIM2_Init	32	static
../Core/Src/main.c:515:13:MX_TIM3_Init	32	static
../Core/Src/main.c:560:13:MX_USART1_UART_Init	8	static
../Core/Src/main.c:593:13:MX_USART2_UART_Init	8	static
../Core/Src/main.c:626:13:MX_GPIO_Init	48	static
../Core/Src/main.c:655:6:HAL_TIM_PeriodElapsedCallback	16	static
../Core/Src/main.c:674:6:Error_Handler	4	static,ignoring_inline_asm
