Archive member included to satisfy reference by file (symbol)

c:/st/stm32cubeide_1.8.0/stm32cubeide/plugins/com.st.stm32cube.ide.mcu.externaltools.gnu-tools-for-stm32.10.3-2021.10.win32_1.0.0.202111181127/tools/bin/../lib/gcc/arm-none-eabi/10.3.1/../../../../arm-none-eabi/lib/thumb/v7-m/nofp\libc_nano.a(lib_a-errno.o)
                              ./Core/Src/syscalls.o (__errno)
c:/st/stm32cubeide_1.8.0/stm32cubeide/plugins/com.st.stm32cube.ide.mcu.externaltools.gnu-tools-for-stm32.10.3-2021.10.win32_1.0.0.202111181127/tools/bin/../lib/gcc/arm-none-eabi/10.3.1/../../../../arm-none-eabi/lib/thumb/v7-m/nofp\libc_nano.a(lib_a-exit.o)
                              c:/st/stm32cubeide_1.8.0/stm32cubeide/plugins/com.st.stm32cube.ide.mcu.externaltools.gnu-tools-for-stm32.10.3-2021.10.win32_1.0.0.202111181127/tools/bin/../lib/gcc/arm-none-eabi/10.3.1/../../../../arm-none-eabi/lib/thumb/v7-m/nofp/crt0.o (exit)
c:/st/stm32cubeide_1.8.0/stm32cubeide/plugins/com.st.stm32cube.ide.mcu.externaltools.gnu-tools-for-stm32.10.3-2021.10.win32_1.0.0.202111181127/tools/bin/../lib/gcc/arm-none-eabi/10.3.1/../../../../arm-none-eabi/lib/thumb/v7-m/nofp\libc_nano.a(lib_a-impure.o)
                              c:/st/stm32cubeide_1.8.0/stm32cubeide/plugins/com.st.stm32cube.ide.mcu.externaltools.gnu-tools-for-stm32.10.3-2021.10.win32_1.0.0.202111181127/tools/bin/../lib/gcc/arm-none-eabi/10.3.1/../../../../arm-none-eabi/lib/thumb/v7-m/nofp\libc_nano.a(lib_a-exit.o) (_global_impure_ptr)
c:/st/stm32cubeide_1.8.0/stm32cubeide/plugins/com.st.stm32cube.ide.mcu.externaltools.gnu-tools-for-stm32.10.3-2021.10.win32_1.0.0.202111181127/tools/bin/../lib/gcc/arm-none-eabi/10.3.1/../../../../arm-none-eabi/lib/thumb/v7-m/nofp\libc_nano.a(lib_a-init.o)
                              c:/st/stm32cubeide_1.8.0/stm32cubeide/plugins/com.st.stm32cube.ide.mcu.externaltools.gnu-tools-for-stm32.10.3-2021.10.win32_1.0.0.202111181127/tools/bin/../lib/gcc/arm-none-eabi/10.3.1/../../../../arm-none-eabi/lib/thumb/v7-m/nofp/crt0.o (__libc_init_array)
c:/st/stm32cubeide_1.8.0/stm32cubeide/plugins/com.st.stm32cube.ide.mcu.externaltools.gnu-tools-for-stm32.10.3-2021.10.win32_1.0.0.202111181127/tools/bin/../lib/gcc/arm-none-eabi/10.3.1/../../../../arm-none-eabi/lib/thumb/v7-m/nofp\libc_nano.a(lib_a-memcpy-stub.o)
                              ./Core/Src/main.o (memcpy)
c:/st/stm32cubeide_1.8.0/stm32cubeide/plugins/com.st.stm32cube.ide.mcu.externaltools.gnu-tools-for-stm32.10.3-2021.10.win32_1.0.0.202111181127/tools/bin/../lib/gcc/arm-none-eabi/10.3.1/../../../../arm-none-eabi/lib/thumb/v7-m/nofp\libc_nano.a(lib_a-memset.o)
                              c:/st/stm32cubeide_1.8.0/stm32cubeide/plugins/com.st.stm32cube.ide.mcu.externaltools.gnu-tools-for-stm32.10.3-2021.10.win32_1.0.0.202111181127/tools/bin/../lib/gcc/arm-none-eabi/10.3.1/../../../../arm-none-eabi/lib/thumb/v7-m/nofp/crt0.o (memset)
c:/st/stm32cubeide_1.8.0/stm32cubeide/plugins/com.st.stm32cube.ide.mcu.externaltools.gnu-tools-for-stm32.10.3-2021.10.win32_1.0.0.202111181127/tools/bin/../lib/gcc/arm-none-eabi/10.3.1/../../../../arm-none-eabi/lib/thumb/v7-m/nofp\libc_nano.a(lib_a-sprintf.o)
                              ./Core/Src/main.o (sprintf)
c:/st/stm32cubeide_1.8.0/stm32cubeide/plugins/com.st.stm32cube.ide.mcu.externaltools.gnu-tools-for-stm32.10.3-2021.10.win32_1.0.0.202111181127/tools/bin/../lib/gcc/arm-none-eabi/10.3.1/../../../../arm-none-eabi/lib/thumb/v7-m/nofp\libc_nano.a(lib_a-strlen.o)
                              ./Core/Src/main.o (strlen)
c:/st/stm32cubeide_1.8.0/stm32cubeide/plugins/com.st.stm32cube.ide.mcu.externaltools.gnu-tools-for-stm32.10.3-2021.10.win32_1.0.0.202111181127/tools/bin/../lib/gcc/arm-none-eabi/10.3.1/../../../../arm-none-eabi/lib/thumb/v7-m/nofp\libc_nano.a(lib_a-nano-svfprintf.o)
                              c:/st/stm32cubeide_1.8.0/stm32cubeide/plugins/com.st.stm32cube.ide.mcu.externaltools.gnu-tools-for-stm32.10.3-2021.10.win32_1.0.0.202111181127/tools/bin/../lib/gcc/arm-none-eabi/10.3.1/../../../../arm-none-eabi/lib/thumb/v7-m/nofp\libc_nano.a(lib_a-sprintf.o) (_svfprintf_r)
c:/st/stm32cubeide_1.8.0/stm32cubeide/plugins/com.st.stm32cube.ide.mcu.externaltools.gnu-tools-for-stm32.10.3-2021.10.win32_1.0.0.202111181127/tools/bin/../lib/gcc/arm-none-eabi/10.3.1/../../../../arm-none-eabi/lib/thumb/v7-m/nofp\libc_nano.a(lib_a-nano-vfprintf_i.o)
                              c:/st/stm32cubeide_1.8.0/stm32cubeide/plugins/com.st.stm32cube.ide.mcu.externaltools.gnu-tools-for-stm32.10.3-2021.10.win32_1.0.0.202111181127/tools/bin/../lib/gcc/arm-none-eabi/10.3.1/../../../../arm-none-eabi/lib/thumb/v7-m/nofp\libc_nano.a(lib_a-nano-svfprintf.o) (_printf_i)
c:/st/stm32cubeide_1.8.0/stm32cubeide/plugins/com.st.stm32cube.ide.mcu.externaltools.gnu-tools-for-stm32.10.3-2021.10.win32_1.0.0.202111181127/tools/bin/../lib/gcc/arm-none-eabi/10.3.1/../../../../arm-none-eabi/lib/thumb/v7-m/nofp\libc_nano.a(lib_a-memchr-stub.o)
[...]
Memory Configuration

Name             Origin             Length             Attributes
RAM              0x0000000020000000 0x0000000000005000 xrw
FLASH            0x0000000008000000 0x0000000000010000 xr
*default*        0x0000000000000000 0xffffffffffffffff

Linker script and memory map

LOAD c:/st/stm32cubeide_1.8.0/stm32cubeide/plugins/com.st.stm32cube.ide.mcu.externaltools.gnu-tools-for-stm32.10.3-2021.10.win32_1.0.0.202111181127/tools/bin/../lib/gcc/arm-none-eabi/10.3.1/thumb/v7-m/nofp/crti.o
LOAD c:/st/stm32cubeide_1.8.0/stm32cubeide/plugins/com.st.stm32cube.ide.mcu.externaltools.gnu-tools-for-stm32.10.3-2021.10.win32_1.0.0.202111181127/tools/bin/../lib/gcc/arm-none-eabi/10.3.1/thumb/v7-m/nofp/crtbegin.o
LOAD c:/st/stm32cubeide_1.8.0/stm32cubeide/plugins/com.st.stm32cube.ide.mcu.externaltools.gnu-tools-for-stm32.10.3-2021.10.win32_1.0.0.202111181127/tools/bin/../lib/gcc/arm-none-eabi/10.3.1/../../../../arm-none-eabi/lib/thumb/v7-m/nofp/crt0.o
LOAD ./Core/Src/fatfs_sd.o
LOAD ./Core/Src/main.o
LOAD ./Core/Src/stm32f1xx_hal_msp.o
LOAD ./Core/Src/stm32f1xx_it.o
LOAD ./Core/Src/syscalls.o
LOAD ./Core/Src/sysmem.o
LOAD ./Core/Src/system_stm32f1xx.o
LOAD ./Core/Startup/startup_stm32f103c8tx.o
LOAD ./Drivers/STM32F1xx_HAL_Driver/Src/stm32f1xx_hal.o
LOAD ./Drivers/STM32F1xx_HAL_Driver/Src/stm32f1xx_hal_cortex.o
LOAD ./Drivers/STM32F1xx_HAL_Driver/Src/stm32f1xx_hal_dma.o
LOAD ./Drivers/STM32F1xx_HAL_Driver/Src/stm32f1xx_hal_exti.o
LOAD ./Drivers/STM32F1xx_HAL_Driver/Src/stm32f1xx_hal_flash.o
LOAD ./Drivers/STM32F1xx_HAL_Driver/Src/stm32f1xx_hal_flash_ex.o
LOAD ./Drivers/STM32F1xx_HAL_Driver/Src/stm32f1xx_hal_gpio.o
LOAD ./Drivers/STM32F1xx_HAL_Driver/Src/stm32f1xx_hal_gpio_ex.o
LOAD ./Drivers/STM32F1xx_HAL_Driver/Src/stm32f1xx_hal_pwr.o
LOAD ./Drivers/STM32F1xx_HAL_Driver/Src/stm32f1xx_hal_rcc.o
LOAD ./Drivers/STM32F1xx_HAL_Driver/Src/stm32f1xx_hal_rcc_ex.o
LOAD ./Drivers/STM32F1xx_HAL_Driver/Src/stm32f1xx_hal_spi.o
LOAD ./Drivers/STM32F1xx_HAL_Driver/Src/stm32f1xx_hal_tim.o
LOAD ./Drivers/STM32F1xx_HAL_Driver/Src/stm32f1xx_hal_tim_ex.o
LOAD ./Drivers/STM32F1xx_HAL_Driver/Src/stm32f1xx_hal_uart.o
LOAD ./FATFS/App/fatfs.o
LOAD ./FATFS/Target/user_diskio.o
LOAD ./Middlewares/Third_Party/FatFs/src/diskio.o
LOAD ./Middlewares/Third_Party/FatFs/src/ff.o
LOAD ./Middlewares/Third_Party/FatFs/src/ff_gen_drv.o
LOAD ./Middlewares/Third_Party/FatFs/src/option/syscall.o
START GROUP
LOAD c:/st/stm32cubeide_1.8.0/stm32cubeide/plugins/com.st.stm32cube.ide.mcu.externaltools.gnu-tools-for-stm32.10.3-2021.10.win32_1.0.0.202111181127/tools/bin/../lib/gcc/arm-none-eabi/10.3.1/../../../../arm-none-eabi/lib/thumb/v7-m/nofp\libc_nano.a
LOAD c:/st/stm32cubeide_1.8.0/stm32cubeide/plugins/com.st.stm32cube.ide.mcu.externaltools.gnu-tools-for-stm32.10.3-2021.10.win32_1.0.0.202111181127/tools/bin/../lib/gcc/arm-none-eabi/10.3.1/../../../../arm-none-eabi/lib/thumb/v7-m/nofp\libm.a
END GROUP
START GROUP
LOAD c:/st/stm32cubeide_1.8.0/stm32cubeide/plugins/com.st.stm32cube.ide.mcu.externaltools.gnu-tools-for-stm32.10.3-2021.10.win32_1.0.0.202111181127/tools/bin/../lib/gcc/arm-none-eabi/10.3.1/thumb/v7-m/nofp\libgcc.a
LOAD c:/st/stm32cubeide_1.8.0/stm32cubeide/plugins/com.st.stm32cube.ide.mcu.externaltools.gnu-tools-for-stm32.10.3-2021.10.win32_1.0.0.202111181127/tools/bin/../lib/gcc/arm-none-eabi/10.3.1/../../../../arm-none-eabi/lib/thumb/v7-m/nofp\libc_nano.a
END GROUP
START GROUP
LOAD c:/st/stm32cubeide_1.8.0/stm32cubeide/plugins/com.st.stm32cube.ide.mcu.externaltools.gnu-tools-for-stm32.10.3-2021.10.win32_1.0.0.202111181127/tools/bin/../lib/gcc/arm-none-eabi/10.3.1/thumb/v7-m/nofp\libgcc.a
LOAD c:/st/stm32cubeide_1.8.0/stm32cubeide/plugins/com.st.stm32cube.ide.mcu.externaltools.gnu-tools-for-stm32.10.3-2021.10.win32_1.0.0.202111181127/tools/bin/../lib/gcc/arm-none-eabi/10.3.1/../../../../arm-none-eabi/lib/thumb/v7-m/nofp\libc_nano.a
LOAD c:/st/stm32cubeide_1.8.0/stm32cubeide/plugins/com.st.stm32cube.ide.mcu.externaltools.gnu-tools-for-stm32.10.3-2021.10.win32_1.0.0.202111181127/tools/bin/../lib/gcc/arm-none-eabi/10.3.1/../../../../arm-none-eabi/lib/thumb/v7-m/nofp\libnosys.a
END GROUP
START GROUP
LOAD c:/st/stm32cubeide_1.8.0/stm32cubeide/plugins/com.st.stm32cube.ide.mcu.externaltools.gnu-tools-for-stm32.10.3-2021.10.win32_1.0.0.202111181127/tools/bin/../lib/gcc/arm-none-eabi/10.3.1/thumb/v7-m/nofp\libgcc.a
LOAD c:/st/stm32cubeide_1.8.0/stm32cubeide/plugins/com.st.stm32cube.ide.mcu.externaltools.gnu-tools-for-stm32.10.3-2021.10.win32_1.0.0.202111181127/tools/bin/../lib/gcc/arm-none-eabi/10.3.1/../../../../arm-none-eabi/lib/thumb/v7-m/nofp\libc_nano.a
LOAD c:/st/stm32cubeide_1.8.0/stm32cubeide/plugins/com.st.stm32cube.ide.mcu.externaltools.gnu-tools-for-stm32.10.3-2021.10.win32_1.0.0.202111181127/tools/bin/../lib/gcc/arm-none-eabi/10.3.1/../../../../arm-none-eabi/lib/thumb/v7-m/nofp\libnosys.a
END GROUP
LOAD c:/st/stm32cubeide_1.8.0/stm32cubeide/plugins/com.st.stm32cube.ide.mcu.externaltools.gnu-tools-for-stm32.10.3-2021.10.win32_1.0.0.202111181127/tools/bin/../lib/gcc/arm-none-eabi/10.3.1/thumb/v7-m/nofp/crtend.o
LOAD c:/st/stm32cubeide_1.8.0/stm32cubeide/plugins/com.st.stm32cube.ide.mcu.externaltools.gnu-tools-for-stm32.10.3-2021.10.win32_1.0.0.202111181127/tools/bin/../lib/gcc/arm-none-eabi/10.3.1/thumb/v7-m/nofp/crtn.o
                0x0000000020005000                _estack = (ORIGIN (RAM) + LENGTH (RAM))
                0x0000000000000200                _Min_Heap_Size = 0x200
                0x0000000000000400                _Min_Stack_Size = 0x400

.isr_vector     0x0000000008000000      0x10c
                0x0000000008000000                . = ALIGN (0x4)
 *(.isr_vector)
 .isr_vector    0x0000000008000000      0x10c ./Core/Startup/startup_stm32f103c8tx.o
                0x0000000008000000                g_pfnVectors
                0x000000000800010c                . = ALIGN (0x4)

.text           0x000000000800010c     0x7368
                0x000000000800010c                . = ALIGN (0x4)
 *(.text)
 .text          0x000000000800010c       0x40 c:/st/stm32cubeide_1.8.0/stm32cubeide/plugins/com.st.stm32cube.ide.mcu.externaltools.gnu-tools-for-stm32.10.3-2021.10.win32_1.0.0.202111181127/tools/bin/../lib/gcc/arm-none-eabi/10.3.1/thumb/v7-m/nofp/crtbegin.o
 .text          0x000000000800014c       0x10 c:/st/stm32cubeide_1.8.0/stm32cubeide/plugins/com.st.stm32cube.ide.mcu.externaltools.gnu-tools-for-stm32.10.3-2021.10.win32_1.0.0.202111181127/tools/bin/../lib/gcc/arm-none-eabi/10.3.1/../../../../arm-none-eabi/lib/thumb/v7-m/nofp\libc_nano.a(lib_a-strlen.o)
                0x000000000800014c                strlen
 .text          0x000000000800015c      0x254 c:/st/stm32cubeide_1.8.0/stm32cubeide/plugins/com.st.stm32cube.ide.mcu.externaltools.gnu-tools-for-stm32.10.3-2021.10.win32_1.0.0.202111181127/tools/bin/../lib/gcc/arm-none-eabi/10.3.1/thumb/v7-m/nofp\libgcc.a(_arm_muldf3.o)
                0x000000000800015c                __muldf3
                0x000000000800015c                __aeabi_dmul
 .text          0x00000000080003b0      0x378 c:/st/stm32cubeide_1.8.0/stm32cubeide/plugins/com.st.stm32cube.ide.mcu.externaltools.gnu-tools-for-stm32.10.3-2021.10.win32_1.0.0.202111181127/tools/bin/../lib/gcc/arm-none-eabi/10.3.1/thumb/v7-m/nofp\libgcc.a(_arm_addsubdf3.o)
                0x00000000080003b0                __aeabi_drsub
                0x00000000080003b8                __aeabi_dsub
                0x00000000080003b8                __subdf3
                0x00000000080003bc                __aeabi_dadd
                0x00000000080003bc                __adddf3
                0x0000000008000634                __floatunsidf
                0x0000000008000634                __aeabi_ui2d
                0x0000000008000654                __floatsidf
                0x0000000008000654                __aeabi_i2d
                0x0000000008000678                __aeabi_f2d
                0x0000000008000678                __extendsfdf2
                0x00000000080006bc                __floatundidf
                0x00000000080006bc                __aeabi_ul2d
                0x00000000080006cc                __floatdidf
                0x00000000080006cc                __aeabi_l2d
 .text          0x0000000008000728       0x40 c:/st/stm32cubeide_1.8.0/stm32cubeide/plugins/com.st.stm32cube.ide.mcu.externaltools.gnu-tools-for-stm32.10.3-2021.10.win32_1.0.0.202111181127/tools/bin/../lib/gcc/arm-none-eabi/10.3.1/thumb/v7-m/nofp\libgcc.a(_arm_fixunsdfsi.o)
                0x0000000008000728                __aeabi_d2uiz
                0x0000000008000728                __fixunsdfsi
 *(.text*)
 .text.SELECT   0x0000000008000768       0x1c ./Core/Src/fatfs_sd.o
 .text.DESELECT
                0x0000000008000784       0x1c ./Core/Src/fatfs_sd.o
 .text.SPI_TxByte
                0x00000000080007a0       0x34 ./Core/Src/fatfs_sd.o
 .text.SPI_TxBuffer
                0x00000000080007d4       0x34 ./Core/Src/fatfs_sd.o
 .text.SPI_RxByte
                0x0000000008000808       0x38 ./Core/Src/fatfs_sd.o
 .text.SPI_RxBytePtr
                0x0000000008000840       0x1c ./Core/Src/fatfs_sd.o
 .text.SD_ReadyWait
                0x000000000800085c       0x34 ./Core/Src/fatfs_sd.o
 .text.SD_PowerOn
                0x0000000008000890       0x84 ./Core/Src/fatfs_sd.o
 .text.SD_PowerOff
                0x0000000008000914       0x18 ./Core/Src/fatfs_sd.o
 .text.SD_CheckPower
                0x000000000800092c       0x14 ./Core/Src/fatfs_sd.o
 .text.SD_RxDataBlock
                0x0000000008000940       0x60 ./Core/Src/fatfs_sd.o
 .text.SD_TxDataBlock
                0x00000000080009a0       0x86 ./Core/Src/fatfs_sd.o
 .text.SD_SendCmd
                0x0000000008000a26       0xa8 ./Core/Src/fatfs_sd.o
 *fill*         0x0000000008000ace        0x2 
 .text.SD_disk_initialize
                0x0000000008000ad0      0x1d8 ./Core/Src/fatfs_sd.o
                0x0000000008000ad0                SD_disk_initialize
 .text.SD_disk_status
                0x0000000008000ca8       0x28 ./Core/Src/fatfs_sd.o
                0x0000000008000ca8                SD_disk_status
 .text.SD_disk_read
                0x0000000008000cd0       0xd4 ./Core/Src/fatfs_sd.o
                0x0000000008000cd0                SD_disk_read
 .text.SD_disk_write
                0x0000000008000da4      0x108 ./Core/Src/fatfs_sd.o
                0x0000000008000da4                SD_disk_write
 .text.SD_disk_ioctl
                0x0000000008000eac      0x258 ./Core/Src/fatfs_sd.o
                0x0000000008000eac                SD_disk_ioctl
 .text.bufsize  0x0000000008001104       0x2c ./Core/Src/main.o
                0x0000000008001104                bufsize
 .text.clear_buffer
                0x0000000008001130       0x34 ./Core/Src/main.o
                0x0000000008001130                clear_buffer
 .text.send_uart
                0x0000000008001164       0x30 ./Core/Src/main.o
                0x0000000008001164                send_uart
 .text.main     0x0000000008001194      0x37c ./Core/Src/main.o
                0x0000000008001194                main
 .text.SystemClock_Config
                0x0000000008001510       0x8a ./Core/Src/main.o
                0x0000000008001510                SystemClock_Config
 *fill*         0x000000000800159a        0x2 
 .text.MX_SPI1_Init
                0x000000000800159c       0x6c ./Core/Src/main.o
 .text.MX_USART1_UART_Init
                0x0000000008001608       0x54 ./Core/Src/main.o
 .text.MX_GPIO_Init
                0x000000000800165c       0x94 ./Core/Src/main.o
 .text.Error_Handler
                0x00000000080016f0        0xc ./Core/Src/main.o
                0x00000000080016f0                Error_Handler
 .text.HAL_MspInit
                0x00000000080016fc       0x64 ./Core/Src/stm32f1xx_hal_msp.o
                0x00000000080016fc                HAL_MspInit
 .text.HAL_SPI_MspInit
                0x0000000008001760       0x94 ./Core/Src/stm32f1xx_hal_msp.o
                0x0000000008001760                HAL_SPI_MspInit
 .text.HAL_UART_MspInit
                0x00000000080017f4       0x98 ./Core/Src/stm32f1xx_hal_msp.o
                0x00000000080017f4                HAL_UART_MspInit
 .text.SDTimer_Handler
                0x000000000800188c       0x44 ./Core/Src/stm32f1xx_it.o
                0x000000000800188c                SDTimer_Handler
 .text.NMI_Handler
                0x00000000080018d0        0xc ./Core/Src/stm32f1xx_it.o
                0x00000000080018d0                NMI_Handler
 .text.HardFault_Handler
                0x00000000080018dc        0x6 ./Core/Src/stm32f1xx_it.o
                0x00000000080018dc                HardFault_Handler
 .text.MemManage_Handler
                0x00000000080018e2        0x6 ./Core/Src/stm32f1xx_it.o
                0x00000000080018e2                MemManage_Handler
 .text.BusFault_Handler
                0x00000000080018e8        0x6 ./Core/Src/stm32f1xx_it.o
                0x00000000080018e8                BusFault_Handler
 .text.UsageFault_Handler
                0x00000000080018ee        0x6 ./Core/Src/stm32f1xx_it.o
                0x00000000080018ee                UsageFault_Handler
 .text.SVC_Handler
                0x00000000080018f4        0xc ./Core/Src/stm32f1xx_it.o
                0x00000000080018f4                SVC_Handler
 .text.DebugMon_Handler
                0x0000000008001900        0xc ./Core/Src/stm32f1xx_it.o
                0x0000000008001900                DebugMon_Handler
 .text.PendSV_Handler
                0x000000000800190c        0xc ./Core/Src/stm32f1xx_it.o
                0x000000000800190c                PendSV_Handler
 .text.SysTick_Handler
                0x0000000008001918       0x34 ./Core/Src/stm32f1xx_it.o
                0x0000000008001918                SysTick_Handler
 .text._sbrk    0x000000000800194c       0x58 ./Core/Src/sysmem.o
                0x000000000800194c                _sbrk
 .text.SystemInit
                0x00000000080019a4       0x68 ./Core/Src/system_stm32f1xx.o
                0x00000000080019a4                SystemInit
 .text.Reset_Handler
                0x0000000008001a0c       0x48 ./Core/Startup/startup_stm32f103c8tx.o
                0x0000000008001a0c                Reset_Handler
 .text.Default_Handler
                0x0000000008001a54        0x2 ./Core/Startup/startup_stm32f103c8tx.o
                0x0000000008001a54                RTC_Alarm_IRQHandler
                0x0000000008001a54                EXTI2_IRQHandler
                0x0000000008001a54                TIM1_CC_IRQHandler
                0x0000000008001a54                PVD_IRQHandler
                0x0000000008001a54                EXTI3_IRQHandler
                0x0000000008001a54                EXTI0_IRQHandler
                0x0000000008001a54                I2C2_EV_IRQHandler
                0x0000000008001a54                ADC1_2_IRQHandler
                0x0000000008001a54                SPI1_IRQHandler
                0x0000000008001a54                TAMPER_IRQHandler
                0x0000000008001a54                DMA1_Channel4_IRQHandler
                0x0000000008001a54                USART3_IRQHandler
                0x0000000008001a54                RTC_IRQHandler
                0x0000000008001a54                DMA1_Channel7_IRQHandler
                0x0000000008001a54                CAN1_RX1_IRQHandler
                0x0000000008001a54                TIM4_IRQHandler
                0x0000000008001a54                I2C1_EV_IRQHandler
                0x0000000008001a54                DMA1_Channel6_IRQHandler
                0x0000000008001a54                TIM3_IRQHandler
                0x0000000008001a54                RCC_IRQHandler
                0x0000000008001a54                TIM1_TRG_COM_IRQHandler
                0x0000000008001a54                DMA1_Channel1_IRQHandler
                0x0000000008001a54                Default_Handler
                0x0000000008001a54                EXTI15_10_IRQHandler
                0x0000000008001a54                EXTI9_5_IRQHandler
                0x0000000008001a54                SPI2_IRQHandler
                0x0000000008001a54                DMA1_Channel5_IRQHandler
                0x0000000008001a54                EXTI4_IRQHandler
                0x0000000008001a54                USB_LP_CAN1_RX0_IRQHandler
                0x0000000008001a54                USB_HP_CAN1_TX_IRQHandler
                0x0000000008001a54                DMA1_Channel3_IRQHandler
                0x0000000008001a54                TIM1_UP_IRQHandler
                0x0000000008001a54                WWDG_IRQHandler
                0x0000000008001a54                TIM2_IRQHandler
                0x0000000008001a54                TIM1_BRK_IRQHandler
                0x0000000008001a54                EXTI1_IRQHandler
                0x0000000008001a54                USART2_IRQHandler
                0x0000000008001a54                I2C2_ER_IRQHandler
                0x0000000008001a54                DMA1_Channel2_IRQHandler
                0x0000000008001a54                CAN1_SCE_IRQHandler
                0x0000000008001a54                FLASH_IRQHandler
                0x0000000008001a54                USART1_IRQHandler
                0x0000000008001a54                I2C1_ER_IRQHandler
                0x0000000008001a54                USBWakeUp_IRQHandler
 *fill*         0x0000000008001a56        0x2 
 .text.HAL_Init
                0x0000000008001a58       0x2c ./Drivers/STM32F1xx_HAL_Driver/Src/stm32f1xx_hal.o
                0x0000000008001a58                HAL_Init
 .text.HAL_InitTick
                0x0000000008001a84       0x60 ./Drivers/STM32F1xx_HAL_Driver/Src/stm32f1xx_hal.o
                0x0000000008001a84                HAL_InitTick
 .text.HAL_IncTick
                0x0000000008001ae4       0x24 ./Drivers/STM32F1xx_HAL_Driver/Src/stm32f1xx_hal.o
                0x0000000008001ae4                HAL_IncTick
 .text.HAL_GetTick
                0x0000000008001b08       0x14 ./Drivers/STM32F1xx_HAL_Driver/Src/stm32f1xx_hal.o
                0x0000000008001b08                HAL_GetTick
 .text.HAL_Delay
                0x0000000008001b1c       0x48 ./Drivers/STM32F1xx_HAL_Driver/Src/stm32f1xx_hal.o
                0x0000000008001b1c                HAL_Delay
 .text.__NVIC_SetPriorityGrouping
                0x0000000008001b64       0x48 ./Drivers/STM32F1xx_HAL_Driver/Src/stm32f1xx_hal_cortex.o
 .text.__NVIC_GetPriorityGrouping
                0x0000000008001bac       0x1c ./Drivers/STM32F1xx_HAL_Driver/Src/stm32f1xx_hal_cortex.o
 .text.__NVIC_SetPriority
                0x0000000008001bc8       0x54 ./Drivers/STM32F1xx_HAL_Driver/Src/stm32f1xx_hal_cortex.o
 .text.NVIC_EncodePriority
                0x0000000008001c1c       0x64 ./Drivers/STM32F1xx_HAL_Driver/Src/stm32f1xx_hal_cortex.o
 .text.SysTick_Config
                0x0000000008001c80       0x44 ./Drivers/STM32F1xx_HAL_Driver/Src/stm32f1xx_hal_cortex.o
 .text.HAL_NVIC_SetPriorityGrouping
                0x0000000008001cc4       0x16 ./Drivers/STM32F1xx_HAL_Driver/Src/stm32f1xx_hal_cortex.o
                0x0000000008001cc4                HAL_NVIC_SetPriorityGrouping
 .text.HAL_NVIC_SetPriority
                0x0000000008001cda       0x38 ./Drivers/STM32F1xx_HAL_Driver/Src/stm32f1xx_hal_cortex.o
                0x0000000008001cda                HAL_NVIC_SetPriority
 .text.HAL_SYSTICK_Config
                0x0000000008001d12       0x18 ./Drivers/STM32F1xx_HAL_Driver/Src/stm32f1xx_hal_cortex.o
                0x0000000008001d12                HAL_SYSTICK_Config
 *fill*         0x0000000008001d2a        0x2 
 .text.HAL_GPIO_Init
                0x0000000008001d2c      0x308 ./Drivers/STM32F1xx_HAL_Driver/Src/stm32f1xx_hal_gpio.o
                0x0000000008001d2c                HAL_GPIO_Init
 .text.HAL_GPIO_WritePin
                0x0000000008002034       0x30 ./Drivers/STM32F1xx_HAL_Driver/Src/stm32f1xx_hal_gpio.o
                0x0000000008002034                HAL_GPIO_WritePin
 .text.HAL_RCC_OscConfig
                0x0000000008002064      0x504 ./Drivers/STM32F1xx_HAL_Driver/Src/stm32f1xx_hal_rcc.o
                0x0000000008002064                HAL_RCC_OscConfig
 .text.HAL_RCC_ClockConfig
                0x0000000008002568      0x1d4 ./Drivers/STM32F1xx_HAL_Driver/Src/stm32f1xx_hal_rcc.o
                0x0000000008002568                HAL_RCC_ClockConfig
 .text.HAL_RCC_GetSysClockFreq
                0x000000000800273c       0xbc ./Drivers/STM32F1xx_HAL_Driver/Src/stm32f1xx_hal_rcc.o
                0x000000000800273c                HAL_RCC_GetSysClockFreq
 .text.HAL_RCC_GetHCLKFreq
                0x00000000080027f8       0x14 ./Drivers/STM32F1xx_HAL_Driver/Src/stm32f1xx_hal_rcc.o
                0x00000000080027f8                HAL_RCC_GetHCLKFreq
 .text.HAL_RCC_GetPCLK1Freq
                0x000000000800280c       0x28 ./Drivers/STM32F1xx_HAL_Driver/Src/stm32f1xx_hal_rcc.o
                0x000000000800280c                HAL_RCC_GetPCLK1Freq
 .text.HAL_RCC_GetPCLK2Freq
                0x0000000008002834       0x28 ./Drivers/STM32F1xx_HAL_Driver/Src/stm32f1xx_hal_rcc.o
                0x0000000008002834                HAL_RCC_GetPCLK2Freq
 .text.RCC_Delay
                0x000000000800285c       0x3c ./Drivers/STM32F1xx_HAL_Driver/Src/stm32f1xx_hal_rcc.o
 .text.HAL_SPI_Init
                0x0000000008002898       0xc2 ./Drivers/STM32F1xx_HAL_Driver/Src/stm32f1xx_hal_spi.o
                0x0000000008002898                HAL_SPI_Init
 .text.HAL_SPI_Transmit
                0x000000000800295a      0x268 ./Drivers/STM32F1xx_HAL_Driver/Src/stm32f1xx_hal_spi.o
                0x000000000800295a                HAL_SPI_Transmit
 .text.HAL_SPI_TransmitReceive
                0x0000000008002bc2      0x344 ./Drivers/STM32F1xx_HAL_Driver/Src/stm32f1xx_hal_spi.o
                0x0000000008002bc2                HAL_SPI_TransmitReceive
 .text.SPI_WaitFlagStateUntilTimeout
                0x0000000008002f06       0xd4 ./Drivers/STM32F1xx_HAL_Driver/Src/stm32f1xx_hal_spi.o
 .text.SPI_EndRxTxTransaction
                0x0000000008002fda       0x3c ./Drivers/STM32F1xx_HAL_Driver/Src/stm32f1xx_hal_spi.o
 .text.HAL_UART_Init
                0x0000000008003016       0x9a ./Drivers/STM32F1xx_HAL_Driver/Src/stm32f1xx_hal_uart.o
                0x0000000008003016                HAL_UART_Init
 .text.HAL_UART_Transmit
                0x00000000080030b0      0x132 ./Drivers/STM32F1xx_HAL_Driver/Src/stm32f1xx_hal_uart.o
                0x00000000080030b0                HAL_UART_Transmit
 .text.UART_WaitOnFlagUntilTimeout
                0x00000000080031e2       0x94 ./Drivers/STM32F1xx_HAL_Driver/Src/stm32f1xx_hal_uart.o
 *fill*         0x0000000008003276        0x2 
 .text.UART_SetConfig
                0x0000000008003278      0x1b4 ./Drivers/STM32F1xx_HAL_Driver/Src/stm32f1xx_hal_uart.o
 .text.MX_FATFS_Init
                0x000000000800342c       0x24 ./FATFS/App/fatfs.o
                0x000000000800342c                MX_FATFS_Init
 .text.get_fattime
                0x0000000008003450        0xe ./FATFS/App/fatfs.o
                0x0000000008003450                get_fattime
 .text.USER_initialize
                0x000000000800345e       0x1c ./FATFS/Target/user_diskio.o
                0x000000000800345e                USER_initialize
 .text.USER_status
                0x000000000800347a       0x1c ./FATFS/Target/user_diskio.o
                0x000000000800347a                USER_status
 .text.USER_read
                0x0000000008003496       0x26 ./FATFS/Target/user_diskio.o
                0x0000000008003496                USER_read
 .text.USER_write
                0x00000000080034bc       0x26 ./FATFS/Target/user_diskio.o
                0x00000000080034bc                USER_write
 .text.USER_ioctl
                0x00000000080034e2       0x26 ./FATFS/Target/user_diskio.o
                0x00000000080034e2                USER_ioctl
 .text.disk_status
                0x0000000008003508       0x34 ./Middlewares/Third_Party/FatFs/src/diskio.o
                0x0000000008003508                disk_status
 .text.disk_initialize
                0x000000000800353c       0x4c ./Middlewares/Third_Party/FatFs/src/diskio.o
                0x000000000800353c                disk_initialize
 .text.disk_read
                0x0000000008003588       0x40 ./Middlewares/Third_Party/FatFs/src/diskio.o
                0x0000000008003588                disk_read
 .text.disk_write
                0x00000000080035c8       0x40 ./Middlewares/Third_Party/FatFs/src/diskio.o
                0x00000000080035c8                disk_write
 .text.disk_ioctl
                0x0000000008003608       0x3c ./Middlewares/Third_Party/FatFs/src/diskio.o
                0x0000000008003608                disk_ioctl
 .text.mem_cpy  0x0000000008003644       0x3c ./Middlewares/Third_Party/FatFs/src/ff.o
 .text.mem_set  0x0000000008003680       0x34 ./Middlewares/Third_Party/FatFs/src/ff.o
 .text.mem_cmp  0x00000000080036b4       0x4c ./Middlewares/Third_Party/FatFs/src/ff.o
 .text.chk_chr  0x0000000008003700       0x34 ./Middlewares/Third_Party/FatFs/src/ff.o
 .text.chk_lock
                0x0000000008003734       0xd8 ./Middlewares/Third_Party/FatFs/src/ff.o
 .text.enq_lock
                0x000000000800380c       0x48 ./Middlewares/Third_Party/FatFs/src/ff.o
 .text.inc_lock
                0x0000000008003854      0x16c ./Middlewares/Third_Party/FatFs/src/ff.o
 .text.dec_lock
                0x00000000080039c0       0x88 ./Middlewares/Third_Party/FatFs/src/ff.o
 .text.clear_lock
                0x0000000008003a48       0x54 ./Middlewares/Third_Party/FatFs/src/ff.o
 .text.sync_window
                0x0000000008003a9c       0x92 ./Middlewares/Third_Party/FatFs/src/ff.o
 .text.move_window
                0x0000000008003b2e       0x5c ./Middlewares/Third_Party/FatFs/src/ff.o
 .text.sync_fs  0x0000000008003b8a      0x15a ./Middlewares/Third_Party/FatFs/src/ff.o
 .text.clust2sect
                0x0000000008003ce4       0x42 ./Middlewares/Third_Party/FatFs/src/ff.o
                0x0000000008003ce4                clust2sect
 .text.get_fat  0x0000000008003d26      0x174 ./Middlewares/Third_Party/FatFs/src/ff.o
                0x0000000008003d26                get_fat
 .text.put_fat  0x0000000008003e9a      0x21c ./Middlewares/Third_Party/FatFs/src/ff.o
                0x0000000008003e9a                put_fat
 .text.remove_chain
                0x00000000080040b6       0xb4 ./Middlewares/Third_Party/FatFs/src/ff.o
 .text.create_chain
                0x000000000800416a      0x13a ./Middlewares/Third_Party/FatFs/src/ff.o
 .text.clmt_clust
                0x00000000080042a4       0x68 ./Middlewares/Third_Party/FatFs/src/ff.o
 .text.dir_sdi  0x000000000800430c      0x128 ./Middlewares/Third_Party/FatFs/src/ff.o
 .text.dir_next
                0x0000000008004434      0x1ee ./Middlewares/Third_Party/FatFs/src/ff.o
 .text.dir_alloc
                0x0000000008004622       0x94 ./Middlewares/Third_Party/FatFs/src/ff.o
 .text.ld_clust
                0x00000000080046b6       0x5a ./Middlewares/Third_Party/FatFs/src/ff.o
 .text.st_clust
                0x0000000008004710       0x4c ./Middlewares/Third_Party/FatFs/src/ff.o
 .text.dir_find
                0x000000000800475c       0x9e ./Middlewares/Third_Party/FatFs/src/ff.o
 .text.dir_read
                0x00000000080047fa       0xbe ./Middlewares/Third_Party/FatFs/src/ff.o
 .text.dir_register
                0x00000000080048b8       0x72 ./Middlewares/Third_Party/FatFs/src/ff.o
 .text.dir_remove
                0x000000000800492a       0x6e ./Middlewares/Third_Party/FatFs/src/ff.o
 .text.create_name
                0x0000000008004998      0x180 ./Middlewares/Third_Party/FatFs/src/ff.o
 .text.follow_path
                0x0000000008004b18       0xdc ./Middlewares/Third_Party/FatFs/src/ff.o
 .text.get_ldnumber
                0x0000000008004bf4       0x86 ./Middlewares/Third_Party/FatFs/src/ff.o
 *fill*         0x0000000008004c7a        0x2 
 .text.check_fs
                0x0000000008004c7c       0xd4 ./Middlewares/Third_Party/FatFs/src/ff.o
 .text.find_volume
                0x0000000008004d50      0x590 ./Middlewares/Third_Party/FatFs/src/ff.o
 .text.validate
                0x00000000080052e0       0x66 ./Middlewares/Third_Party/FatFs/src/ff.o
 *fill*         0x0000000008005346        0x2 
 .text.f_mount  0x0000000008005348       0x90 ./Middlewares/Third_Party/FatFs/src/ff.o
                0x0000000008005348                f_mount
 .text.f_open   0x00000000080053d8      0x4f2 ./Middlewares/Third_Party/FatFs/src/ff.o
                0x00000000080053d8                f_open
 .text.f_read   0x00000000080058ca      0x2d6 ./Middlewares/Third_Party/FatFs/src/ff.o
                0x00000000080058ca                f_read
 .text.f_write  0x0000000008005ba0      0x35a ./Middlewares/Third_Party/FatFs/src/ff.o
                0x0000000008005ba0                f_write
 .text.f_sync   0x0000000008005efa      0x174 ./Middlewares/Third_Party/FatFs/src/ff.o
                0x0000000008005efa                f_sync
 .text.f_close  0x000000000800606e       0x50 ./Middlewares/Third_Party/FatFs/src/ff.o
                0x000000000800606e                f_close
 .text.f_lseek  0x00000000080060be      0x4bc ./Middlewares/Third_Party/FatFs/src/ff.o
                0x00000000080060be                f_lseek
 .text.f_getfree
                0x000000000800657a      0x19a ./Middlewares/Third_Party/FatFs/src/ff.o
                0x000000000800657a                f_getfree
 .text.f_unlink
                0x0000000008006714      0x1d6 ./Middlewares/Third_Party/FatFs/src/ff.o
                0x0000000008006714                f_unlink
 .text.f_gets   0x00000000080068ea       0x7a ./Middlewares/Third_Party/FatFs/src/ff.o
                0x00000000080068ea                f_gets
 .text.putc_bfd
                0x0000000008006964       0x7a ./Middlewares/Third_Party/FatFs/src/ff.o
 .text.f_puts   0x00000000080069de       0x72 ./Middlewares/Third_Party/FatFs/src/ff.o
                0x00000000080069de                f_puts
 .text.FATFS_LinkDriverEx
                0x0000000008006a50       0x94 ./Middlewares/Third_Party/FatFs/src/ff_gen_drv.o
                0x0000000008006a50                FATFS_LinkDriverEx
 .text.FATFS_LinkDriver
                0x0000000008006ae4       0x1e ./Middlewares/Third_Party/FatFs/src/ff_gen_drv.o
                0x0000000008006ae4                FATFS_LinkDriver
 *fill*         0x0000000008006b02        0x2 
 .text.__errno  0x0000000008006b04        0xc c:/st/stm32cubeide_1.8.0/stm32cubeide/plugins/com.st.stm32cube.ide.mcu.externaltools.gnu-tools-for-stm32.10.3-2021.10.win32_1.0.0.202111181127/tools/bin/../lib/gcc/arm-none-eabi/10.3.1/../../../../arm-none-eabi/lib/thumb/v7-m/nofp\libc_nano.a(lib_a-errno.o)
                0x0000000008006b04                __errno
 .text.__libc_init_array
                0x0000000008006b10       0x48 c:/st/stm32cubeide_1.8.0/stm32cubeide/plugins/com.st.stm32cube.ide.mcu.externaltools.gnu-tools-for-stm32.10.3-2021.10.win32_1.0.0.202111181127/tools/bin/../lib/gcc/arm-none-eabi/10.3.1/../../../../arm-none-eabi/lib/thumb/v7-m/nofp\libc_nano.a(lib_a-init.o)
                0x0000000008006b10                __libc_init_array
 .text.memcpy   0x0000000008006b58       0x1c c:/st/stm32cubeide_1.8.0/stm32cubeide/plugins/com.st.stm32cube.ide.mcu.externaltools.gnu-tools-for-stm32.10.3-2021.10.win32_1.0.0.202111181127/tools/bin/../lib/gcc/arm-none-eabi/10.3.1/../../../../arm-none-eabi/lib/thumb/v7-m/nofp\libc_nano.a(lib_a-memcpy-stub.o)
                0x0000000008006b58                memcpy
 .text.memset   0x0000000008006b74       0x10 c:/st/stm32cubeide_1.8.0/stm32cubeide/plugins/com.st.stm32cube.ide.mcu.externaltools.gnu-tools-for-stm32.10.3-2021.10.win32_1.0.0.202111181127/tools/bin/../lib/gcc/arm-none-eabi/10.3.1/../../../../arm-none-eabi/lib/thumb/v7-m/nofp\libc_nano.a(lib_a-memset.o)
                0x0000000008006b74                memset
 .text.sprintf  0x0000000008006b84       0x40 c:/st/stm32cubeide_1.8.0/stm32cubeide/plugins/com.st.stm32cube.ide.mcu.externaltools.gnu-tools-for-stm32.10.3-2021.10.win32_1.0.0.202111181127/tools/bin/../lib/gcc/arm-none-eabi/10.3.1/../../../../arm-none-eabi/lib/thumb/v7-m/nofp\libc_nano.a(lib_a-sprintf.o)
                0x0000000008006b84                siprintf
                0x0000000008006b84                sprintf
 .text.__ssputs_r
                0x0000000008006bc4       0xb6 c:/st/stm32cubeide_1.8.0/stm32cubeide/plugins/com.st.stm32cube.ide.mcu.externaltools.gnu-tools-for-stm32.10.3-2021.10.win32_1.0.0.202111181127/tools/bin/../lib/gcc/arm-none-eabi/10.3.1/../../../../arm-none-eabi/lib/thumb/v7-m/nofp\libc_nano.a(lib_a-nano-svfprintf.o)
                0x0000000008006bc4                __ssputs_r
 *fill*         0x0000000008006c7a        0x2 
 .text._svfprintf_r
                0x0000000008006c7c      0x200 c:/st/stm32cubeide_1.8.0/stm32cubeide/plugins/com.st.stm32cube.ide.mcu.externaltools.gnu-tools-for-stm32.10.3-2021.10.win32_1.0.0.202111181127/tools/bin/../lib/gcc/arm-none-eabi/10.3.1/../../../../arm-none-eabi/lib/thumb/v7-m/nofp\libc_nano.a(lib_a-nano-svfprintf.o)
                0x0000000008006c7c                _svfiprintf_r
                0x0000000008006c7c                _svfprintf_r
 .text._printf_common
                0x0000000008006e7c       0xde c:/st/stm32cubeide_1.8.0/stm32cubeide/plugins/com.st.stm32cube.ide.mcu.externaltools.gnu-tools-for-stm32.10.3-2021.10.win32_1.0.0.202111181127/tools/bin/../lib/gcc/arm-none-eabi/10.3.1/../../../../arm-none-eabi/lib/thumb/v7-m/nofp\libc_nano.a(lib_a-nano-vfprintf_i.o)
                0x0000000008006e7c                _printf_common
 *fill*         0x0000000008006f5a        0x2 
 .text._printf_i
                0x0000000008006f5c      0x24c c:/st/stm32cubeide_1.8.0/stm32cubeide/plugins/com.st.stm32cube.ide.mcu.externaltools.gnu-tools-for-stm32.10.3-2021.10.win32_1.0.0.202111181127/tools/bin/../lib/gcc/arm-none-eabi/10.3.1/../../../../arm-none-eabi/lib/thumb/v7-m/nofp\libc_nano.a(lib_a-nano-vfprintf_i.o)
                0x0000000008006f5c                _printf_i
 .text.memchr   0x00000000080071a8       0x1c c:/st/stm32cubeide_1.8.0/stm32cubeide/plugins/com.st.stm32cube.ide.mcu.externaltools.gnu-tools-for-stm32.10.3-2021.10.win32_1.0.0.202111181127/tools/bin/../lib/gcc/arm-none-eabi/10.3.1/../../../../arm-none-eabi/lib/thumb/v7-m/nofp\libc_nano.a(lib_a-memchr-stub.o)
                0x00000000080071a8                memchr
 .text.memmove  0x00000000080071c4       0x34 c:/st/stm32cubeide_1.8.0/stm32cubeide/plugins/com.st.stm32cube.ide.mcu.externaltools.gnu-tools-for-stm32.10.3-2021.10.win32_1.0.0.202111181127/tools/bin/../lib/gcc/arm-none-eabi/10.3.1/../../../../arm-none-eabi/lib/thumb/v7-m/nofp\libc_nano.a(lib_a-memmove.o)
                0x00000000080071c4                memmove
 .text._free_r  0x00000000080071f8       0x90 c:/st/stm32cubeide_1.8.0/stm32cubeide/plugins/com.st.stm32cube.ide.mcu.externaltools.gnu-tools-for-stm32.10.3-2021.10.win32_1.0.0.202111181127/tools/bin/../lib/gcc/arm-none-eabi/10.3.1/../../../../arm-none-eabi/lib/thumb/v7-m/nofp\libc_nano.a(lib_a-nano-freer.o)
                0x00000000080071f8                _free_r
 .text.sbrk_aligned
                0x0000000008007288       0x40 c:/st/stm32cubeide_1.8.0/stm32cubeide/plugins/com.st.stm32cube.ide.mcu.externaltools.gnu-tools-for-stm32.10.3-2021.10.win32_1.0.0.202111181127/tools/bin/../lib/gcc/arm-none-eabi/10.3.1/../../../../arm-none-eabi/lib/thumb/v7-m/nofp\libc_nano.a(lib_a-nano-mallocr.o)
 .text._malloc_r
                0x00000000080072c8       0xe8 c:/st/stm32cubeide_1.8.0/stm32cubeide/plugins/com.st.stm32cube.ide.mcu.externaltools.gnu-tools-for-stm32.10.3-2021.10.win32_1.0.0.202111181127/tools/bin/../lib/gcc/arm-none-eabi/10.3.1/../../../../arm-none-eabi/lib/thumb/v7-m/nofp\libc_nano.a(lib_a-nano-mallocr.o)
                0x00000000080072c8                _malloc_r
 .text._realloc_r
                0x00000000080073b0       0x5e c:/st/stm32cubeide_1.8.0/stm32cubeide/plugins/com.st.stm32cube.ide.mcu.externaltools.gnu-tools-for-stm32.10.3-2021.10.win32_1.0.0.202111181127/tools/bin/../lib/gcc/arm-none-eabi/10.3.1/../../../../arm-none-eabi/lib/thumb/v7-m/nofp\libc_nano.a(lib_a-nano-reallocr.o)
                0x00000000080073b0                _realloc_r
 *fill*         0x000000000800740e        0x2 
 .text._sbrk_r  0x0000000008007410       0x20 c:/st/stm32cubeide_1.8.0/stm32cubeide/plugins/com.st.stm32cube.ide.mcu.externaltools.gnu-tools-for-stm32.10.3-2021.10.win32_1.0.0.202111181127/tools/bin/../lib/gcc/arm-none-eabi/10.3.1/../../../../arm-none-eabi/lib/thumb/v7-m/nofp\libc_nano.a(lib_a-sbrkr.o)
                0x0000000008007410                _sbrk_r
 .text.__malloc_lock
                0x0000000008007430        0xc c:/st/stm32cubeide_1.8.0/stm32cubeide/plugins/com.st.stm32cube.ide.mcu.externaltools.gnu-tools-for-stm32.10.3-2021.10.win32_1.0.0.202111181127/tools/bin/../lib/gcc/arm-none-eabi/10.3.1/../../../../arm-none-eabi/lib/thumb/v7-m/nofp\libc_nano.a(lib_a-mlock.o)
                0x0000000008007430                __malloc_lock
 .text.__malloc_unlock
                0x000000000800743c        0xc c:/st/stm32cubeide_1.8.0/stm32cubeide/plugins/com.st.stm32cube.ide.mcu.externaltools.gnu-tools-for-stm32.10.3-2021.10.win32_1.0.0.202111181127/tools/bin/../lib/gcc/arm-none-eabi/10.3.1/../../../../arm-none-eabi/lib/thumb/v7-m/nofp\libc_nano.a(lib_a-mlock.o)
                0x000000000800743c                __malloc_unlock
 .text._malloc_usable_size_r
                0x0000000008007448       0x10 c:/st/stm32cubeide_1.8.0/stm32cubeide/plugins/com.st.stm32cube.ide.mcu.externaltools.gnu-tools-for-stm32.10.3-2021.10.win32_1.0.0.202111181127/tools/bin/../lib/gcc/arm-none-eabi/10.3.1/../../../../arm-none-eabi/lib/thumb/v7-m/nofp\libc_nano.a(lib_a-nano-msizer.o)
                0x0000000008007448                _malloc_usable_size_r
 .text.__retarget_lock_acquire_recursive
                0x0000000008007458        0x2 c:/st/stm32cubeide_1.8.0/stm32cubeide/plugins/com.st.stm32cube.ide.mcu.externaltools.gnu-tools-for-stm32.10.3-2021.10.win32_1.0.0.202111181127/tools/bin/../lib/gcc/arm-none-eabi/10.3.1/../../../../arm-none-eabi/lib/thumb/v7-m/nofp\libc_nano.a(lib_a-lock.o)
                0x0000000008007458                __retarget_lock_acquire_recursive
 .text.__retarget_lock_release_recursive
                0x000000000800745a        0x2 c:/st/stm32cubeide_1.8.0/stm32cubeide/plugins/com.st.stm32cube.ide.mcu.externaltools.gnu-tools-for-stm32.10.3-2021.10.win32_1.0.0.202111181127/tools/bin/../lib/gcc/arm-none-eabi/10.3.1/../../../../arm-none-eabi/lib/thumb/v7-m/nofp\libc_nano.a(lib_a-lock.o)
                0x000000000800745a                __retarget_lock_release_recursive
 *(.glue_7)
 .glue_7        0x000000000800745c        0x0 linker stubs
 *(.glue_7t)
 .glue_7t       0x000000000800745c        0x0 linker stubs
 *(.eh_frame)
 .eh_frame      0x000000000800745c        0x0 c:/st/stm32cubeide_1.8.0/stm32cubeide/plugins/com.st.stm32cube.ide.mcu.externaltools.gnu-tools-for-stm32.10.3-2021.10.win32_1.0.0.202111181127/tools/bin/../lib/gcc/arm-none-eabi/10.3.1/thumb/v7-m/nofp/crtbegin.o
 *(.init)
 .init          0x000000000800745c        0x4 c:/st/stm32cubeide_1.8.0/stm32cubeide/plugins/com.st.stm32cube.ide.mcu.externaltools.gnu-tools-for-stm32.10.3-2021.10.win32_1.0.0.202111181127/tools/bin/../lib/gcc/arm-none-eabi/10.3.1/thumb/v7-m/nofp/crti.o
                0x000000000800745c                _init
 .init          0x0000000008007460        0x8 c:/st/stm32cubeide_1.8.0/stm32cubeide/plugins/com.st.stm32cube.ide.mcu.externaltools.gnu-tools-for-stm32.10.3-2021.10.win32_1.0.0.202111181127/tools/bin/../lib/gcc/arm-none-eabi/10.3.1/thumb/v7-m/nofp/crtn.o
 *(.fini)
 .fini          0x0000000008007468        0x4 c:/st/stm32cubeide_1.8.0/stm32cubeide/plugins/com.st.stm32cube.ide.mcu.externaltools.gnu-tools-for-stm32.10.3-2021.10.win32_1.0.0.202111181127/tools/bin/../lib/gcc/arm-none-eabi/10.3.1/thumb/v7-m/nofp/crti.o
                0x0000000008007468                _fini
 .fini          0x000000000800746c        0x8 c:/st/stm32cubeide_1.8.0/stm32cubeide/plugins/com.st.stm32cube.ide.mcu.externaltools.gnu-tools-for-stm32.10.3-2021.10.win32_1.0.0.202111181127/tools/bin/../lib/gcc/arm-none-eabi/10.3.1/thumb/v7-m/nofp/crtn.o
                0x0000000008007474                . = ALIGN (0x4)
                0x0000000008007474                _etext = .

.vfp11_veneer   0x0000000008007474        0x0
 .vfp11_veneer  0x0000000008007474        0x0 linker stubs

.v4_bx          0x0000000008007474        0x0
 .v4_bx         0x0000000008007474        0x0 linker stubs

.iplt           0x0000000008007474        0x0
 .iplt          0x0000000008007474        0x0 c:/st/stm32cubeide_1.8.0/stm32cubeide/plugins/com.st.stm32cube.ide.mcu.externaltools.gnu-tools-for-stm32.10.3-2021.10.win32_1.0.0.202111181127/tools/bin/../lib/gcc/arm-none-eabi/10.3.1/thumb/v7-m/nofp/crtbegin.o

.rodata         0x0000000008007474      0x42c
                0x0000000008007474                . = ALIGN (0x4)
 *(.rodata)
 .rodata        0x0000000008007474      0x30b ./Core/Src/main.o
 *fill*         0x000000000800777f        0x1 
 .rodata        0x0000000008007780       0x10 ./Drivers/STM32F1xx_HAL_Driver/Src/stm32f1xx_hal_rcc.o
 .rodata        0x0000000008007790       0x44 ./Middlewares/Third_Party/FatFs/src/ff.o
 *(.rodata*)
 .rodata.AHBPrescTable
                0x00000000080077d4       0x10 ./Core/Src/system_stm32f1xx.o
                0x00000000080077d4                AHBPrescTable
 .rodata.APBPrescTable
                0x00000000080077e4        0x8 ./Core/Src/system_stm32f1xx.o
                0x00000000080077e4                APBPrescTable
 .rodata.ExCvt  0x00000000080077ec       0x80 ./Middlewares/Third_Party/FatFs/src/ff.o
 .rodata._svfprintf_r.str1.1
                0x000000000800786c       0x11 c:/st/stm32cubeide_1.8.0/stm32cubeide/plugins/com.st.stm32cube.ide.mcu.externaltools.gnu-tools-for-stm32.10.3-2021.10.win32_1.0.0.202111181127/tools/bin/../lib/gcc/arm-none-eabi/10.3.1/../../../../arm-none-eabi/lib/thumb/v7-m/nofp\libc_nano.a(lib_a-nano-svfprintf.o)
 .rodata._printf_i.str1.1
                0x000000000800787d       0x22 c:/st/stm32cubeide_1.8.0/stm32cubeide/plugins/com.st.stm32cube.ide.mcu.externaltools.gnu-tools-for-stm32.10.3-2021.10.win32_1.0.0.202111181127/tools/bin/../lib/gcc/arm-none-eabi/10.3.1/../../../../arm-none-eabi/lib/thumb/v7-m/nofp\libc_nano.a(lib_a-nano-vfprintf_i.o)
                0x00000000080078a0                . = ALIGN (0x4)
 *fill*         0x000000000800789f        0x1 

.rel.dyn        0x00000000080078a0        0x0
 .rel.iplt      0x00000000080078a0        0x0 c:/st/stm32cubeide_1.8.0/stm32cubeide/plugins/com.st.stm32cube.ide.mcu.externaltools.gnu-tools-for-stm32.10.3-2021.10.win32_1.0.0.202111181127/tools/bin/../lib/gcc/arm-none-eabi/10.3.1/thumb/v7-m/nofp/crtbegin.o

.ARM.extab      0x00000000080078a0        0x0
                0x00000000080078a0                . = ALIGN (0x4)
 *(.ARM.extab* .gnu.linkonce.armextab.*)
                0x00000000080078a0                . = ALIGN (0x4)

.ARM            0x00000000080078a0        0x0
                0x00000000080078a0                . = ALIGN (0x4)
                0x00000000080078a0                __exidx_start = .
 *(.ARM.exidx*)
                0x00000000080078a0                __exidx_end = .
                0x00000000080078a0                . = ALIGN (0x4)

.preinit_array  0x00000000080078a0        0x0
                0x00000000080078a0                . = ALIGN (0x4)
                0x00000000080078a0                PROVIDE (__preinit_array_start = .)
 *(.preinit_array*)
                0x00000000080078a0                PROVIDE (__preinit_array_end = .)
                0x00000000080078a0                . = ALIGN (0x4)

.init_array     0x00000000080078a0        0x4
                0x00000000080078a0                . = ALIGN (0x4)
                0x00000000080078a0                PROVIDE (__init_array_start = .)
 *(SORT_BY_NAME(.init_array.*))
 *(.init_array*)
 .init_array    0x00000000080078a0        0x4 c:/st/stm32cubeide_1.8.0/stm32cubeide/plugins/com.st.stm32cube.ide.mcu.externaltools.gnu-tools-for-stm32.10.3-2021.10.win32_1.0.0.202111181127/tools/bin/../lib/gcc/arm-none-eabi/10.3.1/thumb/v7-m/nofp/crtbegin.o
                0x00000000080078a4                PROVIDE (__init_array_end = .)
                0x00000000080078a4                . = ALIGN (0x4)

.fini_array     0x00000000080078a4        0x4
                0x00000000080078a4                . = ALIGN (0x4)
                [!provide]                        PROVIDE (__fini_array_start = .)
 *(SORT_BY_NAME(.fini_array.*))
 *(.fini_array*)
 .fini_array    0x00000000080078a4        0x4 c:/st/stm32cubeide_1.8.0/stm32cubeide/plugins/com.st.stm32cube.ide.mcu.externaltools.gnu-tools-for-stm32.10.3-2021.10.win32_1.0.0.202111181127/tools/bin/../lib/gcc/arm-none-eabi/10.3.1/thumb/v7-m/nofp/crtbegin.o
                [!provide]                        PROVIDE (__fini_array_end = .)
                0x00000000080078a8                . = ALIGN (0x4)
                0x00000000080078a8                _sidata = LOADADDR (.data)

.data           0x0000000020000000       0x88 load address 0x00000000080078a8
                0x0000000020000000                . = ALIGN (0x4)
                0x0000000020000000                _sdata = .
 *(.data)
 *(.data*)
 .data.Stat     0x0000000020000000        0x1 ./Core/Src/fatfs_sd.o
 *fill*         0x0000000020000001        0x3 
 .data.SystemCoreClock
                0x0000000020000004        0x4 ./Core/Src/system_stm32f1xx.o
                0x0000000020000004                SystemCoreClock
 .data.uwTickPrio
                0x0000000020000008        0x4 ./Drivers/STM32F1xx_HAL_Driver/Src/stm32f1xx_hal.o
                0x0000000020000008                uwTickPrio
 .data.uwTickFreq
                0x000000002000000c        0x1 ./Drivers/STM32F1xx_HAL_Driver/Src/stm32f1xx_hal.o
                0x000000002000000c                uwTickFreq
 *fill*         0x000000002000000d        0x3 
 .data.USER_Driver
                0x0000000020000010       0x14 ./FATFS/Target/user_diskio.o
                0x0000000020000010                USER_Driver
 .data._impure_ptr
                0x0000000020000024        0x4 c:/st/stm32cubeide_1.8.0/stm32cubeide/plugins/com.st.stm32cube.ide.mcu.externaltools.gnu-tools-for-stm32.10.3-2021.10.win32_1.0.0.202111181127/tools/bin/../lib/gcc/arm-none-eabi/10.3.1/../../../../arm-none-eabi/lib/thumb/v7-m/nofp\libc_nano.a(lib_a-impure.o)
                0x0000000020000024                _impure_ptr
 .data.impure_data
                0x0000000020000028       0x60 c:/st/stm32cubeide_1.8.0/stm32cubeide/plugins/com.st.stm32cube.ide.mcu.externaltools.gnu-tools-for-stm32.10.3-2021.10.win32_1.0.0.202111181127/tools/bin/../lib/gcc/arm-none-eabi/10.3.1/../../../../arm-none-eabi/lib/thumb/v7-m/nofp\libc_nano.a(lib_a-impure.o)
                0x0000000020000088                . = ALIGN (0x4)
                0x0000000020000088                _edata = .

.igot.plt       0x0000000020000088        0x0 load address 0x0000000008007930
 .igot.plt      0x0000000020000088        0x0 c:/st/stm32cubeide_1.8.0/stm32cubeide/plugins/com.st.stm32cube.ide.mcu.externaltools.gnu-tools-for-stm32.10.3-2021.10.win32_1.0.0.202111181127/tools/bin/../lib/gcc/arm-none-eabi/10.3.1/thumb/v7-m/nofp/crtbegin.o
                0x0000000020000088                . = ALIGN (0x4)

.bss            0x0000000020000088      0x604 load address 0x0000000008007930
                0x0000000020000088                _sbss = .
                0x0000000020000088                __bss_start__ = _sbss
 *(.bss)
 .bss           0x0000000020000088       0x1c c:/st/stm32cubeide_1.8.0/stm32cubeide/plugins/com.st.stm32cube.ide.mcu.externaltools.gnu-tools-for-stm32.10.3-2021.10.win32_1.0.0.202111181127/tools/bin/../lib/gcc/arm-none-eabi/10.3.1/thumb/v7-m/nofp/crtbegin.o
 *(.bss*)
 .bss.CardType  0x00000000200000a4        0x1 ./Core/Src/fatfs_sd.o
 .bss.PowerFlag
                0x00000000200000a5        0x1 ./Core/Src/fatfs_sd.o
 *fill*         0x00000000200000a6        0x2 
 .bss.hspi1     0x00000000200000a8       0x58 ./Core/Src/main.o
                0x00000000200000a8                hspi1
 .bss.huart1    0x0000000020000100       0x40 ./Core/Src/main.o
                0x0000000020000100                huart1
 .bss.fs        0x0000000020000140      0x230 ./Core/Src/main.o
                0x0000000020000140                fs
 .bss.fil       0x0000000020000370      0x22c ./Core/Src/main.o
                0x0000000020000370                fil
 .bss.fresult   0x000000002000059c        0x1 ./Core/Src/main.o
                0x000000002000059c                fresult
 *fill*         0x000000002000059d        0x3 
 .bss.br        0x00000000200005a0        0x4 ./Core/Src/main.o
                0x00000000200005a0                br
 .bss.bw        0x00000000200005a4        0x4 ./Core/Src/main.o
                0x00000000200005a4                bw
 .bss.pfs       0x00000000200005a8        0x4 ./Core/Src/main.o
                0x00000000200005a8                pfs
 .bss.fre_clust
                0x00000000200005ac        0x4 ./Core/Src/main.o
                0x00000000200005ac                fre_clust
 .bss.total     0x00000000200005b0        0x4 ./Core/Src/main.o
                0x00000000200005b0                total
 .bss.free_space
                0x00000000200005b4        0x4 ./Core/Src/main.o
                0x00000000200005b4                free_space
 .bss.buffer    0x00000000200005b8       0x80 ./Core/Src/main.o
                0x00000000200005b8                buffer
 .bss.FatFsCnt  0x0000000020000638        0x1 ./Core/Src/stm32f1xx_it.o
                0x0000000020000638                FatFsCnt
 *fill*         0x0000000020000639        0x1 
 .bss.Timer1    0x000000002000063a        0x2 ./Core/Src/stm32f1xx_it.o
                0x000000002000063a                Timer1
 .bss.Timer2    0x000000002000063c        0x2 ./Core/Src/stm32f1xx_it.o
                0x000000002000063c                Timer2
 *fill*         0x000000002000063e        0x2 
 .bss.heap_end.0
                0x0000000020000640        0x4 ./Core/Src/sysmem.o
 .bss.uwTick    0x0000000020000644        0x4 ./Drivers/STM32F1xx_HAL_Driver/Src/stm32f1xx_hal.o
                0x0000000020000644                uwTick
 .bss.retUSER   0x0000000020000648        0x1 ./FATFS/App/fatfs.o
                0x0000000020000648                retUSER
 *fill*         0x0000000020000649        0x3 
 .bss.USERPath  0x000000002000064c        0x4 ./FATFS/App/fatfs.o
                0x000000002000064c                USERPath
 .bss.FatFs     0x0000000020000650        0x4 ./Middlewares/Third_Party/FatFs/src/ff.o
 .bss.Fsid      0x0000000020000654        0x2 ./Middlewares/Third_Party/FatFs/src/ff.o
 *fill*         0x0000000020000656        0x2 
 .bss.Files     0x0000000020000658       0x18 ./Middlewares/Third_Party/FatFs/src/ff.o
 .bss.disk      0x0000000020000670        0xc ./Middlewares/Third_Party/FatFs/src/ff_gen_drv.o
                0x0000000020000670                disk
 .bss.__malloc_free_list
                0x000000002000067c        0x4 c:/st/stm32cubeide_1.8.0/stm32cubeide/plugins/com.st.stm32cube.ide.mcu.externaltools.gnu-tools-for-stm32.10.3-2021.10.win32_1.0.0.202111181127/tools/bin/../lib/gcc/arm-none-eabi/10.3.1/../../../../arm-none-eabi/lib/thumb/v7-m/nofp\libc_nano.a(lib_a-nano-mallocr.o)
                0x000000002000067c                __malloc_free_list
 .bss.__malloc_sbrk_start
                0x0000000020000680        0x4 c:/st/stm32cubeide_1.8.0/stm32cubeide/plugins/com.st.stm32cube.ide.mcu.externaltools.gnu-tools-for-stm32.10.3-2021.10.win32_1.0.0.202111181127/tools/bin/../lib/gcc/arm-none-eabi/10.3.1/../../../../arm-none-eabi/lib/thumb/v7-m/nofp\libc_nano.a(lib_a-nano-mallocr.o)
                0x0000000020000680                __malloc_sbrk_start
 .bss.errno     0x0000000020000684        0x4 c:/st/stm32cubeide_1.8.0/stm32cubeide/plugins/com.st.stm32cube.ide.mcu.externaltools.gnu-tools-for-stm32.10.3-2021.10.win32_1.0.0.202111181127/tools/bin/../lib/gcc/arm-none-eabi/10.3.1/../../../../arm-none-eabi/lib/thumb/v7-m/nofp\libc_nano.a(lib_a-reent.o)
                0x0000000020000684                errno
 .bss.__lock___malloc_recursive_mutex
                0x0000000020000688        0x1 c:/st/stm32cubeide_1.8.0/stm32cubeide/plugins/com.st.stm32cube.ide.mcu.externaltools.gnu-tools-for-stm32.10.3-2021.10.win32_1.0.0.202111181127/tools/bin/../lib/gcc/arm-none-eabi/10.3.1/../../../../arm-none-eabi/lib/thumb/v7-m/nofp\libc_nano.a(lib_a-lock.o)
                0x0000000020000688                __lock___malloc_recursive_mutex
 *(COMMON)
                0x000000002000068c                . = ALIGN (0x4)
 *fill*         0x0000000020000689        0x3 
                0x000000002000068c                _ebss = .
                0x000000002000068c                __bss_end__ = _ebss

._user_heap_stack
                0x000000002000068c      0x604 load address 0x0000000008007930
                0x0000000020000690                . = ALIGN (0x8)
 *fill*         0x000000002000068c        0x4 
                0x0000000020000690                PROVIDE (end = .)
                [!provide]                        PROVIDE (_end = .)
                0x0000000020000890                . = (. + _Min_Heap_Size)
 *fill*         0x0000000020000690      0x200 
                0x0000000020000c90                . = (. + _Min_Stack_Size)
 *fill*         0x0000000020000890      0x400 
                0x0000000020000c90                . = ALIGN (0x8)

/DISCARD/
 libc.a(*)
 libm.a(*)
 libgcc.a(*)

.ARM.attributes
                0x0000000000000000       0x29
 *(.ARM.attributes)
 .ARM.attributes
                0x0000000000000000       0x1d c:/st/stm32cubeide_1.8.0/stm32cubeide/plugins/com.st.stm32cube.ide.mcu.externaltools.gnu-tools-for-stm32.10.3-2021.10.win32_1.0.0.202111181127/tools/bin/../lib/gcc/arm-none-eabi/10.3.1/thumb/v7-m/nofp/crti.o
 .ARM.attributes
                0x000000000000001d       0x2d c:/st/stm32cubeide_1.8.0/stm32cubeide/plugins/com.st.stm32cube.ide.mcu.externaltools.gnu-tools-for-stm32.10.3-2021.10.win32_1.0.0.202111181127/tools/bin/../lib/gcc/arm-none-eabi/10.3.1/thumb/v7-m/nofp/crtbegin.o
 .ARM.attributes
                0x000000000000004a       0x2d ./Core/Src/fatfs_sd.o
 .ARM.attributes
                0x0000000000000077       0x2d ./Core/Src/main.o
 .ARM.attributes
                0x00000000000000a4       0x2d ./Core/Src/stm32f1xx_hal_msp.o
 .ARM.attributes
                0x00000000000000d1       0x2d ./Core/Src/stm32f1xx_it.o
 .ARM.attributes
                0x00000000000000fe       0x2d ./Core/Src/sysmem.o
 .ARM.attributes
                0x000000000000012b       0x2d ./Core/Src/system_stm32f1xx.o
 .ARM.attributes
                0x0000000000000158       0x21 ./Core/Startup/startup_stm32f103c8tx.o
 .ARM.attributes
                0x0000000000000179       0x2d ./Drivers/STM32F1xx_HAL_Driver/Src/stm32f1xx_hal.o
 .ARM.attributes
                0x00000000000001a6       0x2d ./Drivers/STM32F1xx_HAL_Driver/Src/stm32f1xx_hal_cortex.o
 .ARM.attributes
                0x00000000000001d3       0x2d ./Drivers/STM32F1xx_HAL_Driver/Src/stm32f1xx_hal_gpio.o
 .ARM.attributes
                0x0000000000000200       0x2d ./Drivers/STM32F1xx_HAL_Driver/Src/stm32f1xx_hal_rcc.o
 .ARM.attributes
                0x000000000000022d       0x2d ./Drivers/STM32F1xx_HAL_Driver/Src/stm32f1xx_hal_spi.o
 .ARM.attributes
                0x000000000000025a       0x2d ./Drivers/STM32F1xx_HAL_Driver/Src/stm32f1xx_hal_uart.o
 .ARM.attributes
                0x0000000000000287       0x2d ./FATFS/App/fatfs.o
 .ARM.attributes
                0x00000000000002b4       0x2d ./FATFS/Target/user_diskio.o
 .ARM.attributes
                0x00000000000002e1       0x2d ./Middlewares/Third_Party/FatFs/src/diskio.o
 .ARM.attributes
                0x000000000000030e       0x2d ./Middlewares/Third_Party/FatFs/src/ff.o
 .ARM.attributes
                0x000000000000033b       0x2d ./Middlewares/Third_Party/FatFs/src/ff_gen_drv.o
 .ARM.attributes
                0x0000000000000368       0x2d c:/st/stm32cubeide_1.8.0/stm32cubeide/plugins/com.st.stm32cube.ide.mcu.externaltools.gnu-tools-for-stm32.10.3-2021.10.win32_1.0.0.202111181127/tools/bin/../lib/gcc/arm-none-eabi/10.3.1/../../../../arm-none-eabi/lib/thumb/v7-m/nofp\libc_nano.a(lib_a-errno.o)
 .ARM.attributes
                0x0000000000000395       0x2d c:/st/stm32cubeide_1.8.0/stm32cubeide/plugins/com.st.stm32cube.ide.mcu.externaltools.gnu-tools-for-stm32.10.3-2021.10.win32_1.0.0.202111181127/tools/bin/../lib/gcc/arm-none-eabi/10.3.1/../../../../arm-none-eabi/lib/thumb/v7-m/nofp\libc_nano.a(lib_a-impure.o)
 .ARM.attributes
                0x00000000000003c2       0x2d c:/st/stm32cubeide_1.8.0/stm32cubeide/plugins/com.st.stm32cube.ide.mcu.externaltools.gnu-tools-for-stm32.10.3-2021.10.win32_1.0.0.202111181127/tools/bin/../lib/gcc/arm-none-eabi/10.3.1/../../../../arm-none-eabi/lib/thumb/v7-m/nofp\libc_nano.a(lib_a-init.o)
 .ARM.attributes
                0x00000000000003ef       0x2d c:/st/stm32cubeide_1.8.0/stm32cubeide/plugins/com.st.stm32cube.ide.mcu.externaltools.gnu-tools-for-stm32.10.3-2021.10.win32_1.0.0.202111181127/tools/bin/../lib/gcc/arm-none-eabi/10.3.1/../../../../arm-none-eabi/lib/thumb/v7-m/nofp\libc_nano.a(lib_a-memcpy-stub.o)
 .ARM.attributes
                0x000000000000041c       0x2d c:/st/stm32cubeide_1.8.0/stm32cubeide/plugins/com.st.stm32cube.ide.mcu.externaltools.gnu-tools-for-stm32.10.3-2021.10.win32_1.0.0.202111181127/tools/bin/../lib/gcc/arm-none-eabi/10.3.1/../../../../arm-none-eabi/lib/thumb/v7-m/nofp\libc_nano.a(lib_a-memset.o)
 .ARM.attributes
                0x0000000000000449       0x2d c:/st/stm32cubeide_1.8.0/stm32cubeide/plugins/com.st.stm32cube.ide.mcu.externaltools.gnu-tools-for-stm32.10.3-2021.10.win32_1.0.0.202111181127/tools/bin/../lib/gcc/arm-none-eabi/10.3.1/../../../../arm-none-eabi/lib/thumb/v7-m/nofp\libc_nano.a(lib_a-sprintf.o)
 .ARM.attributes
                0x0000000000000476       0x17 c:/st/stm32cubeide_1.8.0/stm32cubeide/plugins/com.st.stm32cube.ide.mcu.externaltools.gnu-tools-for-stm32.10.3-2021.10.win32_1.0.0.202111181127/tools/bin/../lib/gcc/arm-none-eabi/10.3.1/../../../../arm-none-eabi/lib/thumb/v7-m/nofp\libc_nano.a(lib_a-strlen.o)
 .ARM.attributes
                0x000000000000048d       0x2d c:/st/stm32cubeide_1.8.0/stm32cubeide/plugins/com.st.stm32cube.ide.mcu.externaltools.gnu-tools-for-stm32.10.3-2021.10.win32_1.0.0.202111181127/tools/bin/../lib/gcc/arm-none-eabi/10.3.1/../../../../arm-none-eabi/lib/thumb/v7-m/nofp\libc_nano.a(lib_a-nano-svfprintf.o)
 .ARM.attributes
                0x00000000000004ba       0x2d c:/st/stm32cubeide_1.8.0/stm32cubeide/plugins/com.st.stm32cube.ide.mcu.externaltools.gnu-tools-for-stm32.10.3-2021.10.win32_1.0.0.202111181127/tools/bin/../lib/gcc/arm-none-eabi/10.3.1/../../../../arm-none-eabi/lib/thumb/v7-m/nofp\libc_nano.a(lib_a-nano-vfprintf_i.o)
 .ARM.attributes
                0x00000000000004e7       0x2d c:/st/stm32cubeide_1.8.0/stm32cubeide/plugins/com.st.stm32cube.ide.mcu.externaltools.gnu-tools-for-stm32.10.3-2021.10.win32_1.0.0.202111181127/tools/bin/../lib/gcc/arm-none-eabi/10.3.1/../../../../arm-none-eabi/lib/thumb/v7-m/nofp\libc_nano.a(lib_a-memchr-stub.o)
 .ARM.attributes
                0x0000000000000514       0x2d c:/st/stm32cubeide_1.8.0/stm32cubeide/plugins/com.st.stm32cube.ide.mcu.externaltools.gnu-tools-for-stm32.10.3-2021.10.win32_1.0.0.202111181127/tools/bin/../lib/gcc/arm-none-eabi/10.3.1/../../../../arm-none-eabi/lib/thumb/v7-m/nofp\libc_nano.a(lib_a-memmove.o)
 .ARM.attributes
                0x0000000000000541       0x2d c:/st/stm32cubeide_1.8.0/stm32cubeide/plugins/com.st.stm32cube.ide.mcu.externaltools.gnu-tools-for-stm32.10.3-2021.10.win32_1.0.0.202111181127/tools/bin/../lib/gcc/arm-none-eabi/10.3.1/../../../../arm-none-eabi/lib/thumb/v7-m/nofp\libc_nano.a(lib_a-nano-freer.o)
 .ARM.attributes
                0x000000000000056e       0x2d c:/st/stm32cubeide_1.8.0/stm32cubeide/plugins/com.st.stm32cube.ide.mcu.externaltools.gnu-tools-for-stm32.10.3-2021.10.win32_1.0.0.202111181127/tools/bin/../lib/gcc/arm-none-eabi/10.3.1/../../../../arm-none-eabi/lib/thumb/v7-m/nofp\libc_nano.a(lib_a-nano-mallocr.o)
 .ARM.attributes
                0x000000000000059b       0x2d c:/st/stm32cubeide_1.8.0/stm32cubeide/plugins/com.st.stm32cube.ide.mcu.externaltools.gnu-tools-for-stm32.10.3-2021.10.win32_1.0.0.202111181127/tools/bin/../lib/gcc/arm-none-eabi/10.3.1/../../../../arm-none-eabi/lib/thumb/v7-m/nofp\libc_nano.a(lib_a-nano-reallocr.o)
 .ARM.attributes
                0x00000000000005c8       0x2d c:/st/stm32cubeide_1.8.0/stm32cubeide/plugins/com.st.stm32cube.ide.mcu.externaltools.gnu-tools-for-stm32.10.3-2021.10.win32_1.0.0.202111181127/tools/bin/../lib/gcc/arm-none-eabi/10.3.1/../../../../arm-none-eabi/lib/thumb/v7-m/nofp\libc_nano.a(lib_a-sbrkr.o)
 .ARM.attributes
                0x00000000000005f5       0x2d c:/st/stm32cubeide_1.8.0/stm32cubeide/plugins/com.st.stm32cube.ide.mcu.externaltools.gnu-tools-for-stm32.10.3-2021.10.win32_1.0.0.202111181127/tools/bin/../lib/gcc/arm-none-eabi/10.3.1/../../../../arm-none-eabi/lib/thumb/v7-m/nofp\libc_nano.a(lib_a-mlock.o)
 .ARM.attributes
                0x0000000000000622       0x2d c:/st/stm32cubeide_1.8.0/stm32cubeide/plugins/com.st.stm32cube.ide.mcu.externaltools.gnu-tools-for-stm32.10.3-2021.10.win32_1.0.0.202111181127/tools/bin/../lib/gcc/arm-none-eabi/10.3.1/../../../../arm-none-eabi/lib/thumb/v7-m/nofp\libc_nano.a(lib_a-nano-msizer.o)
 .ARM.attributes
                0x000000000000064f       0x2d c:/st/stm32cubeide_1.8.0/stm32cubeide/plugins/com.st.stm32cube.ide.mcu.externaltools.gnu-tools-for-stm32.10.3-2021.10.win32_1.0.0.202111181127/tools/bin/../lib/gcc/arm-none-eabi/10.3.1/../../../../arm-none-eabi/lib/thumb/v7-m/nofp\libc_nano.a(lib_a-reent.o)
 .ARM.attributes
                0x000000000000067c       0x2d c:/st/stm32cubeide_1.8.0/stm32cubeide/plugins/com.st.stm32cube.ide.mcu.externaltools.gnu-tools-for-stm32.10.3-2021.10.win32_1.0.0.202111181127/tools/bin/../lib/gcc/arm-none-eabi/10.3.1/../../../../arm-none-eabi/lib/thumb/v7-m/nofp\libc_nano.a(lib_a-lock.o)
 .ARM.attributes
                0x00000000000006a9       0x1d c:/st/stm32cubeide_1.8.0/stm32cubeide/plugins/com.st.stm32cube.ide.mcu.externaltools.gnu-tools-for-stm32.10.3-2021.10.win32_1.0.0.202111181127/tools/bin/../lib/gcc/arm-none-eabi/10.3.1/thumb/v7-m/nofp\libgcc.a(_arm_muldf3.o)
 .ARM.attributes
                0x00000000000006c6       0x1d c:/st/stm32cubeide_1.8.0/stm32cubeide/plugins/com.st.stm32cube.ide.mcu.externaltools.gnu-tools-for-stm32.10.3-2021.10.win32_1.0.0.202111181127/tools/bin/../lib/gcc/arm-none-eabi/10.3.1/thumb/v7-m/nofp\libgcc.a(_arm_addsubdf3.o)
 .ARM.attributes
                0x00000000000006e3       0x1d c:/st/stm32cubeide_1.8.0/stm32cubeide/plugins/com.st.stm32cube.ide.mcu.externaltools.gnu-tools-for-stm32.10.3-2021.10.win32_1.0.0.202111181127/tools/bin/../lib/gcc/arm-none-eabi/10.3.1/thumb/v7-m/nofp\libgcc.a(_arm_fixunsdfsi.o)
 .ARM.attributes
                0x0000000000000700       0x1d c:/st/stm32cubeide_1.8.0/stm32cubeide/plugins/com.st.stm32cube.ide.mcu.externaltools.gnu-tools-for-stm32.10.3-2021.10.win32_1.0.0.202111181127/tools/bin/../lib/gcc/arm-none-eabi/10.3.1/thumb/v7-m/nofp/crtn.o
OUTPUT(SDCARD_SPI_F103.elf elf32-littlearm)
LOAD linker stubs
LOAD c:/st/stm32cubeide_1.8.0/stm32cubeide/plugins/com.st.stm32cube.ide.mcu.externaltools.gnu-tools-for-stm32.10.3-2021.10.win32_1.0.0.202111181127/tools/bin/../lib/gcc/arm-none-eabi/10.3.1/../../../../arm-none-eabi/lib/thumb/v7-m/nofp\libc.a
LOAD c:/st/stm32cubeide_1.8.0/stm32cubeide/plugins/com.st.stm32cube.ide.mcu.externaltools.gnu-tools-for-stm32.10.3-2021.10.win32_1.0.0.202111181127/tools/bin/../lib/gcc/arm-none-eabi/10.3.1/../../../../arm-none-eabi/lib/thumb/v7-m/nofp\libm.a
LOAD c:/st/stm32cubeide_1.8.0/stm32cubeide/plugins/com.st.stm32cube.ide.mcu.externaltools.gnu-tools-for-stm32.10.3-2021.10.win32_1.0.0.202111181127/tools/bin/../lib/gcc/arm-none-eabi/10.3.1/thumb/v7-m/nofp\libgcc.a

.debug_info     0x0000000000000000     0xae58
 .debug_info    0x0000000000000000      0xc44 ./Core/Src/fatfs_sd.o
 .debug_info    0x0000000000000c44     0x1344 ./Core/Src/main.o
 .debug_info    0x0000000000001f88      0xb2b ./Core/Src/stm32f1xx_hal_msp.o
 .debug_info    0x0000000000002ab3      0x1a4 ./Core/Src/stm32f1xx_it.o
 .debug_info    0x0000000000002c57      0x105 ./Core/Src/sysmem.o
 .debug_info    0x0000000000002d5c      0x3f8 ./Core/Src/system_stm32f1xx.o
 .debug_info    0x0000000000003154       0x22 ./Core/Startup/startup_stm32f103c8tx.o
 .debug_info    0x0000000000003176      0x71c ./Drivers/STM32F1xx_HAL_Driver/Src/stm32f1xx_hal.o
 .debug_info    0x0000000000003892      0xb20 ./Drivers/STM32F1xx_HAL_Driver/Src/stm32f1xx_hal_cortex.o
 .debug_info    0x00000000000043b2      0x605 ./Drivers/STM32F1xx_HAL_Driver/Src/stm32f1xx_hal_gpio.o
 .debug_info    0x00000000000049b7      0x860 ./Drivers/STM32F1xx_HAL_Driver/Src/stm32f1xx_hal_rcc.o
 .debug_info    0x0000000000005217     0x1618 ./Drivers/STM32F1xx_HAL_Driver/Src/stm32f1xx_hal_spi.o
 .debug_info    0x000000000000682f     0x12b0 ./Drivers/STM32F1xx_HAL_Driver/Src/stm32f1xx_hal_uart.o
 .debug_info    0x0000000000007adf      0x51e ./FATFS/App/fatfs.o
 .debug_info    0x0000000000007ffd      0x3d2 ./FATFS/Target/user_diskio.o
 .debug_info    0x00000000000083cf      0x40d ./Middlewares/Third_Party/FatFs/src/diskio.o
 .debug_info    0x00000000000087dc     0x22d8 ./Middlewares/Third_Party/FatFs/src/ff.o
 .debug_info    0x000000000000aab4      0x3a4 ./Middlewares/Third_Party/FatFs/src/ff_gen_drv.o

.debug_abbrev   0x0000000000000000     0x214b
 .debug_abbrev  0x0000000000000000      0x2d9 ./Core/Src/fatfs_sd.o
 .debug_abbrev  0x00000000000002d9      0x361 ./Core/Src/main.o
 .debug_abbrev  0x000000000000063a      0x194 ./Core/Src/stm32f1xx_hal_msp.o
 .debug_abbrev  0x00000000000007ce       0x9d ./Core/Src/stm32f1xx_it.o
 .debug_abbrev  0x000000000000086b       0xbe ./Core/Src/sysmem.o
 .debug_abbrev  0x0000000000000929      0x13b ./Core/Src/system_stm32f1xx.o
 .debug_abbrev  0x0000000000000a64       0x12 ./Core/Startup/startup_stm32f103c8tx.o
 .debug_abbrev  0x0000000000000a76      0x20e ./Drivers/STM32F1xx_HAL_Driver/Src/stm32f1xx_hal.o
 .debug_abbrev  0x0000000000000c84      0x2ed ./Drivers/STM32F1xx_HAL_Driver/Src/stm32f1xx_hal_cortex.o
 .debug_abbrev  0x0000000000000f71      0x1bb ./Drivers/STM32F1xx_HAL_Driver/Src/stm32f1xx_hal_gpio.o
 .debug_abbrev  0x000000000000112c      0x2a8 ./Drivers/STM32F1xx_HAL_Driver/Src/stm32f1xx_hal_rcc.o
 .debug_abbrev  0x00000000000013d4      0x26e ./Drivers/STM32F1xx_HAL_Driver/Src/stm32f1xx_hal_spi.o
 .debug_abbrev  0x0000000000001642      0x25d ./Drivers/STM32F1xx_HAL_Driver/Src/stm32f1xx_hal_uart.o
 .debug_abbrev  0x000000000000189f      0x19a ./FATFS/App/fatfs.o
 .debug_abbrev  0x0000000000001a39      0x13f ./FATFS/Target/user_diskio.o
 .debug_abbrev  0x0000000000001b78      0x178 ./Middlewares/Third_Party/FatFs/src/diskio.o
 .debug_abbrev  0x0000000000001cf0      0x2c5 ./Middlewares/Third_Party/FatFs/src/ff.o
 .debug_abbrev  0x0000000000001fb5      0x196 ./Middlewares/Third_Party/FatFs/src/ff_gen_drv.o

.debug_aranges  0x0000000000000000      0xb60
 .debug_aranges
                0x0000000000000000       0xa8 ./Core/Src/fatfs_sd.o
 .debug_aranges
                0x00000000000000a8       0x60 ./Core/Src/main.o
 .debug_aranges
                0x0000000000000108       0x40 ./Core/Src/stm32f1xx_hal_msp.o
 .debug_aranges
                0x0000000000000148       0x68 ./Core/Src/stm32f1xx_it.o
 .debug_aranges
                0x00000000000001b0       0x20 ./Core/Src/sysmem.o
 .debug_aranges
                0x00000000000001d0       0x28 ./Core/Src/system_stm32f1xx.o
 .debug_aranges
                0x00000000000001f8       0x28 ./Core/Startup/startup_stm32f103c8tx.o
 .debug_aranges
                0x0000000000000220       0xe0 ./Drivers/STM32F1xx_HAL_Driver/Src/stm32f1xx_hal.o
 .debug_aranges
                0x0000000000000300      0x100 ./Drivers/STM32F1xx_HAL_Driver/Src/stm32f1xx_hal_cortex.o
 .debug_aranges
                0x0000000000000400       0x58 ./Drivers/STM32F1xx_HAL_Driver/Src/stm32f1xx_hal_gpio.o
 .debug_aranges
                0x0000000000000458       0x90 ./Drivers/STM32F1xx_HAL_Driver/Src/stm32f1xx_hal_rcc.o
 .debug_aranges
                0x00000000000004e8      0x1d0 ./Drivers/STM32F1xx_HAL_Driver/Src/stm32f1xx_hal_spi.o
 .debug_aranges
                0x00000000000006b8      0x1d0 ./Drivers/STM32F1xx_HAL_Driver/Src/stm32f1xx_hal_uart.o
 .debug_aranges
                0x0000000000000888       0x28 ./FATFS/App/fatfs.o
 .debug_aranges
                0x00000000000008b0       0x40 ./FATFS/Target/user_diskio.o
 .debug_aranges
                0x00000000000008f0       0x48 ./Middlewares/Third_Party/FatFs/src/diskio.o
 .debug_aranges
                0x0000000000000938      0x1e8 ./Middlewares/Third_Party/FatFs/src/ff.o
 .debug_aranges
                0x0000000000000b20       0x40 ./Middlewares/Third_Party/FatFs/src/ff_gen_drv.o

.debug_ranges   0x0000000000000000      0xa48
 .debug_ranges  0x0000000000000000       0x98 ./Core/Src/fatfs_sd.o
 .debug_ranges  0x0000000000000098       0x50 ./Core/Src/main.o
 .debug_ranges  0x00000000000000e8       0x30 ./Core/Src/stm32f1xx_hal_msp.o
 .debug_ranges  0x0000000000000118       0x58 ./Core/Src/stm32f1xx_it.o
 .debug_ranges  0x0000000000000170       0x10 ./Core/Src/sysmem.o
 .debug_ranges  0x0000000000000180       0x18 ./Core/Src/system_stm32f1xx.o
 .debug_ranges  0x0000000000000198       0x20 ./Core/Startup/startup_stm32f103c8tx.o
 .debug_ranges  0x00000000000001b8       0xd0 ./Drivers/STM32F1xx_HAL_Driver/Src/stm32f1xx_hal.o
 .debug_ranges  0x0000000000000288       0xf0 ./Drivers/STM32F1xx_HAL_Driver/Src/stm32f1xx_hal_cortex.o
 .debug_ranges  0x0000000000000378       0x48 ./Drivers/STM32F1xx_HAL_Driver/Src/stm32f1xx_hal_gpio.o
 .debug_ranges  0x00000000000003c0       0x80 ./Drivers/STM32F1xx_HAL_Driver/Src/stm32f1xx_hal_rcc.o
 .debug_ranges  0x0000000000000440      0x1c0 ./Drivers/STM32F1xx_HAL_Driver/Src/stm32f1xx_hal_spi.o
 .debug_ranges  0x0000000000000600      0x1c0 ./Drivers/STM32F1xx_HAL_Driver/Src/stm32f1xx_hal_uart.o
 .debug_ranges  0x00000000000007c0       0x18 ./FATFS/App/fatfs.o
 .debug_ranges  0x00000000000007d8       0x30 ./FATFS/Target/user_diskio.o
 .debug_ranges  0x0000000000000808       0x38 ./Middlewares/Third_Party/FatFs/src/diskio.o
 .debug_ranges  0x0000000000000840      0x1d8 ./Middlewares/Third_Party/FatFs/src/ff.o
 .debug_ranges  0x0000000000000a18       0x30 ./Middlewares/Third_Party/FatFs/src/ff_gen_drv.o

.debug_macro    0x0000000000000000    0x1501b
 .debug_macro   0x0000000000000000      0x1d4 ./Core/Src/fatfs_sd.o
 .debug_macro   0x00000000000001d4      0xa6c ./Core/Src/fatfs_sd.o
 .debug_macro   0x0000000000000c40      0x21b ./Core/Src/fatfs_sd.o
 .debug_macro   0x0000000000000e5b       0x2e ./Core/Src/fatfs_sd.o
 .debug_macro   0x0000000000000e89       0x22 ./Core/Src/fatfs_sd.o
 .debug_macro   0x0000000000000eab       0x22 ./Core/Src/fatfs_sd.o
 .debug_macro   0x0000000000000ecd       0x8e ./Core/Src/fatfs_sd.o
 .debug_macro   0x0000000000000f5b       0x51 ./Core/Src/fatfs_sd.o
 .debug_macro   0x0000000000000fac      0x103 ./Core/Src/fatfs_sd.o
 .debug_macro   0x00000000000010af       0x6a ./Core/Src/fatfs_sd.o
 .debug_macro   0x0000000000001119      0x1df ./Core/Src/fatfs_sd.o
 .debug_macro   0x00000000000012f8       0x1c ./Core/Src/fatfs_sd.o
 .debug_macro   0x0000000000001314       0x22 ./Core/Src/fatfs_sd.o
 .debug_macro   0x0000000000001336       0xbd ./Core/Src/fatfs_sd.o
 .debug_macro   0x00000000000013f3      0xd23 ./Core/Src/fatfs_sd.o
 .debug_macro   0x0000000000002116     0xe09e ./Core/Src/fatfs_sd.o
 .debug_macro   0x00000000000101b4       0x43 ./Core/Src/fatfs_sd.o
 .debug_macro   0x00000000000101f7      0x174 ./Core/Src/fatfs_sd.o
 .debug_macro   0x000000000001036b       0x5a ./Core/Src/fatfs_sd.o
 .debug_macro   0x00000000000103c5      0x5be ./Core/Src/fatfs_sd.o
 .debug_macro   0x0000000000010983      0x289 ./Core/Src/fatfs_sd.o
 .debug_macro   0x0000000000010c0c      0x1cb ./Core/Src/fatfs_sd.o
 .debug_macro   0x0000000000010dd7      0x114 ./Core/Src/fatfs_sd.o
 .debug_macro   0x0000000000010eeb      0x1b2 ./Core/Src/fatfs_sd.o
 .debug_macro   0x000000000001109d       0x27 ./Core/Src/fatfs_sd.o
 .debug_macro   0x00000000000110c4      0x136 ./Core/Src/fatfs_sd.o
 .debug_macro   0x00000000000111fa      0x1bc ./Core/Src/fatfs_sd.o
 .debug_macro   0x00000000000113b6       0x34 ./Core/Src/fatfs_sd.o
 .debug_macro   0x00000000000113ea       0x3c ./Core/Src/fatfs_sd.o
 .debug_macro   0x0000000000011426       0x57 ./Core/Src/fatfs_sd.o
 .debug_macro   0x000000000001147d       0x88 ./Core/Src/fatfs_sd.o
 .debug_macro   0x0000000000011505      0x241 ./Core/Src/fatfs_sd.o
 .debug_macro   0x0000000000011746      0x141 ./Core/Src/fatfs_sd.o
 .debug_macro   0x0000000000011887      0x217 ./Core/Src/fatfs_sd.o
 .debug_macro   0x0000000000011a9e      0x26b ./Core/Src/fatfs_sd.o
 .debug_macro   0x0000000000011d09       0x83 ./Core/Src/fatfs_sd.o
 .debug_macro   0x0000000000011d8c       0x16 ./Core/Src/fatfs_sd.o
 .debug_macro   0x0000000000011da2       0x7c ./Core/Src/fatfs_sd.o
 .debug_macro   0x0000000000011e1e       0x88 ./Core/Src/fatfs_sd.o
 .debug_macro   0x0000000000011ea6      0x384 ./Core/Src/main.o
 .debug_macro   0x000000000001222a       0xde ./Core/Src/main.o
 .debug_macro   0x0000000000012308       0xf5 ./Core/Src/main.o
 .debug_macro   0x00000000000123fd       0x8e ./Core/Src/main.o
 .debug_macro   0x000000000001248b       0x52 ./Core/Src/main.o
 .debug_macro   0x00000000000124dd       0x18 ./Core/Src/main.o
 .debug_macro   0x00000000000124f5       0x3c ./Core/Src/main.o
 .debug_macro   0x0000000000012531       0x34 ./Core/Src/main.o
 .debug_macro   0x0000000000012565       0x16 ./Core/Src/main.o
 .debug_macro   0x000000000001257b       0x43 ./Core/Src/main.o
 .debug_macro   0x00000000000125be       0x34 ./Core/Src/main.o
 .debug_macro   0x00000000000125f2       0x10 ./Core/Src/main.o
 .debug_macro   0x0000000000012602       0x58 ./Core/Src/main.o
 .debug_macro   0x000000000001265a       0x71 ./Core/Src/main.o
 .debug_macro   0x00000000000126cb       0x1c ./Core/Src/main.o
 .debug_macro   0x00000000000126e7      0x12a ./Core/Src/main.o
 .debug_macro   0x0000000000012811      0x341 ./Core/Src/main.o
 .debug_macro   0x0000000000012b52       0x10 ./Core/Src/main.o
 .debug_macro   0x0000000000012b62       0x35 ./Core/Src/main.o
 .debug_macro   0x0000000000012b97       0x20 ./Core/Src/main.o
 .debug_macro   0x0000000000012bb7       0x1c ./Core/Src/main.o
 .debug_macro   0x0000000000012bd3       0x10 ./Core/Src/main.o
 .debug_macro   0x0000000000012be3       0x10 ./Core/Src/main.o
 .debug_macro   0x0000000000012bf3       0x1c ./Core/Src/main.o
 .debug_macro   0x0000000000012c0f       0x52 ./Core/Src/main.o
 .debug_macro   0x0000000000012c61       0x22 ./Core/Src/main.o
 .debug_macro   0x0000000000012c83       0x10 ./Core/Src/main.o
 .debug_macro   0x0000000000012c93       0x52 ./Core/Src/main.o
 .debug_macro   0x0000000000012ce5       0xd5 ./Core/Src/main.o
 .debug_macro   0x0000000000012dba       0x1c ./Core/Src/main.o
 .debug_macro   0x0000000000012dd6       0x3d ./Core/Src/main.o
 .debug_macro   0x0000000000012e13       0x16 ./Core/Src/main.o
 .debug_macro   0x0000000000012e29      0x145 ./Core/Src/main.o
 .debug_macro   0x0000000000012f6e      0x199 ./Core/Src/stm32f1xx_hal_msp.o
 .debug_macro   0x0000000000013107      0x1a3 ./Core/Src/stm32f1xx_it.o
 .debug_macro   0x00000000000132aa      0x1b1 ./Core/Src/sysmem.o
 .debug_macro   0x000000000001345b      0x23b ./Core/Src/sysmem.o
 .debug_macro   0x0000000000013696      0x195 ./Core/Src/system_stm32f1xx.o
 .debug_macro   0x000000000001382b      0x1b3 ./Drivers/STM32F1xx_HAL_Driver/Src/stm32f1xx_hal.o
 .debug_macro   0x00000000000139de      0x18f ./Drivers/STM32F1xx_HAL_Driver/Src/stm32f1xx_hal_cortex.o
 .debug_macro   0x0000000000013b6d      0x1fa ./Drivers/STM32F1xx_HAL_Driver/Src/stm32f1xx_hal_gpio.o
 .debug_macro   0x0000000000013d67      0x1a1 ./Drivers/STM32F1xx_HAL_Driver/Src/stm32f1xx_hal_rcc.o
 .debug_macro   0x0000000000013f08      0x197 ./Drivers/STM32F1xx_HAL_Driver/Src/stm32f1xx_hal_spi.o
 .debug_macro   0x000000000001409f      0x190 ./Drivers/STM32F1xx_HAL_Driver/Src/stm32f1xx_hal_uart.o
 .debug_macro   0x000000000001422f      0x1ec ./FATFS/App/fatfs.o
 .debug_macro   0x000000000001441b       0xd8 ./FATFS/App/fatfs.o
 .debug_macro   0x00000000000144f3      0x2aa ./FATFS/Target/user_diskio.o
 .debug_macro   0x000000000001479d       0x54 ./FATFS/Target/user_diskio.o
 .debug_macro   0x00000000000147f1      0x1d9 ./Middlewares/Third_Party/FatFs/src/diskio.o
 .debug_macro   0x00000000000149ca      0x420 ./Middlewares/Third_Party/FatFs/src/ff.o
 .debug_macro   0x0000000000014dea       0x58 ./Middlewares/Third_Party/FatFs/src/ff.o
 .debug_macro   0x0000000000014e42      0x1d9 ./Middlewares/Third_Party/FatFs/src/ff_gen_drv.o

.debug_line     0x0000000000000000     0xda12
 .debug_line    0x0000000000000000      0xd28 ./Core/Src/fatfs_sd.o
 .debug_line    0x0000000000000d28      0xb7c ./Core/Src/main.o
 .debug_line    0x00000000000018a4      0x6ba ./Core/Src/stm32f1xx_hal_msp.o
 .debug_line    0x0000000000001f5e      0x704 ./Core/Src/stm32f1xx_it.o
 .debug_line    0x0000000000002662      0x577 ./Core/Src/sysmem.o
 .debug_line    0x0000000000002bd9      0x6ae ./Core/Src/system_stm32f1xx.o
 .debug_line    0x0000000000003287       0x84 ./Core/Startup/startup_stm32f103c8tx.o
 .debug_line    0x000000000000330b      0x8b8 ./Drivers/STM32F1xx_HAL_Driver/Src/stm32f1xx_hal.o
 .debug_line    0x0000000000003bc3      0xaa6 ./Drivers/STM32F1xx_HAL_Driver/Src/stm32f1xx_hal_cortex.o
 .debug_line    0x0000000000004669      0x958 ./Drivers/STM32F1xx_HAL_Driver/Src/stm32f1xx_hal_gpio.o
 .debug_line    0x0000000000004fc1      0xccc ./Drivers/STM32F1xx_HAL_Driver/Src/stm32f1xx_hal_rcc.o
 .debug_line    0x0000000000005c8d     0x1ae1 ./Drivers/STM32F1xx_HAL_Driver/Src/stm32f1xx_hal_spi.o
 .debug_line    0x000000000000776e     0x16a2 ./Drivers/STM32F1xx_HAL_Driver/Src/stm32f1xx_hal_uart.o
 .debug_line    0x0000000000008e10      0x6ae ./FATFS/App/fatfs.o
 .debug_line    0x00000000000094be      0x83c ./FATFS/Target/user_diskio.o
 .debug_line    0x0000000000009cfa      0x71f ./Middlewares/Third_Party/FatFs/src/diskio.o
 .debug_line    0x000000000000a419     0x2ebd ./Middlewares/Third_Party/FatFs/src/ff.o
 .debug_line    0x000000000000d2d6      0x73c ./Middlewares/Third_Party/FatFs/src/ff_gen_drv.o

.debug_str      0x0000000000000000    0x6d865
 .debug_str     0x0000000000000000    0x660f9 ./Core/Src/fatfs_sd.o
                                      0x6642d (size before relaxing)
 .debug_str     0x00000000000660f9     0x4a26 ./Core/Src/main.o
                                      0x6ac78 (size before relaxing)
 .debug_str     0x000000000006ab1f       0xbb ./Core/Src/stm32f1xx_hal_msp.o
                                      0x66162 (size before relaxing)
 .debug_str     0x000000000006abda       0xe2 ./Core/Src/stm32f1xx_it.o
                                      0x65be1 (size before relaxing)
 .debug_str     0x000000000006acbc      0x4af ./Core/Src/sysmem.o
                                       0x7708 (size before relaxing)
 .debug_str     0x000000000006b16b       0xee ./Core/Src/system_stm32f1xx.o
                                      0x65c24 (size before relaxing)
 .debug_str     0x000000000006b259       0x36 ./Core/Startup/startup_stm32f103c8tx.o
                                         0x8d (size before relaxing)
 .debug_str     0x000000000006b28f      0x6c1 ./Drivers/STM32F1xx_HAL_Driver/Src/stm32f1xx_hal.o
                                      0x662d0 (size before relaxing)
 .debug_str     0x000000000006b950      0x283 ./Drivers/STM32F1xx_HAL_Driver/Src/stm32f1xx_hal_cortex.o
                                      0x66229 (size before relaxing)
 .debug_str     0x000000000006bbd3      0x2e6 ./Drivers/STM32F1xx_HAL_Driver/Src/stm32f1xx_hal_gpio.o
                                      0x65f30 (size before relaxing)
 .debug_str     0x000000000006beb9      0x23d ./Drivers/STM32F1xx_HAL_Driver/Src/stm32f1xx_hal_rcc.o
                                      0x65fd9 (size before relaxing)
 .debug_str     0x000000000006c0f6      0x529 ./Drivers/STM32F1xx_HAL_Driver/Src/stm32f1xx_hal_spi.o
                                      0x664b5 (size before relaxing)
 .debug_str     0x000000000006c61f      0x4fe ./Drivers/STM32F1xx_HAL_Driver/Src/stm32f1xx_hal_uart.o
                                      0x664e1 (size before relaxing)
 .debug_str     0x000000000006cb1d       0x74 ./FATFS/App/fatfs.o
                                      0x66436 (size before relaxing)
 .debug_str     0x000000000006cb91       0x5a ./FATFS/Target/user_diskio.o
                                      0x69300 (size before relaxing)
 .debug_str     0x000000000006cbeb       0x52 ./Middlewares/Third_Party/FatFs/src/diskio.o
                                      0x66362 (size before relaxing)
 .debug_str     0x000000000006cc3d      0xb97 ./Middlewares/Third_Party/FatFs/src/ff.o
                                      0x6718d (size before relaxing)
 .debug_str     0x000000000006d7d4       0x91 ./Middlewares/Third_Party/FatFs/src/ff_gen_drv.o
                                      0x663b3 (size before relaxing)

.comment        0x0000000000000000       0x50
 .comment       0x0000000000000000       0x50 ./Core/Src/fatfs_sd.o
                                         0x51 (size before relaxing)
 .comment       0x0000000000000050       0x51 ./Core/Src/main.o
 .comment       0x0000000000000050       0x51 ./Core/Src/stm32f1xx_hal_msp.o
 .comment       0x0000000000000050       0x51 ./Core/Src/stm32f1xx_it.o
 .comment       0x0000000000000050       0x51 ./Core/Src/sysmem.o
 .comment       0x0000000000000050       0x51 ./Core/Src/system_stm32f1xx.o
 .comment       0x0000000000000050       0x51 ./Drivers/STM32F1xx_HAL_Driver/Src/stm32f1xx_hal.o
 .comment       0x0000000000000050       0x51 ./Drivers/STM32F1xx_HAL_Driver/Src/stm32f1xx_hal_cortex.o
 .comment       0x0000000000000050       0x51 ./Drivers/STM32F1xx_HAL_Driver/Src/stm32f1xx_hal_gpio.o
 .comment       0x0000000000000050       0x51 ./Drivers/STM32F1xx_HAL_Driver/Src/stm32f1xx_hal_rcc.o
 .comment       0x0000000000000050       0x51 ./Drivers/STM32F1xx_HAL_Driver/Src/stm32f1xx_hal_spi.o
 .comment       0x0000000000000050       0x51 ./Drivers/STM32F1xx_HAL_Driver/Src/stm32f1xx_hal_uart.o
 .comment       0x0000000000000050       0x51 ./FATFS/App/fatfs.o
 .comment       0x0000000000000050       0x51 ./FATFS/Target/user_diskio.o
 .comment       0x0000000000000050       0x51 ./Middlewares/Third_Party/FatFs/src/diskio.o
 .comment       0x0000000000000050       0x51 ./Middlewares/Third_Party/FatFs/src/ff.o
 .comment       0x0000000000000050       0x51 ./Middlewares/Third_Party/FatFs/src/ff_gen_drv.o

.debug_frame    0x0000000000000000     0x3284
 .debug_frame   0x0000000000000000      0x28c ./Core/Src/fatfs_sd.o
 .debug_frame   0x000000000000028c      0x140 ./Core/Src/main.o
 .debug_frame   0x00000000000003cc       0xc8 ./Core/Src/stm32f1xx_hal_msp.o
 .debug_frame   0x0000000000000494      0x12c ./Core/Src/stm32f1xx_it.o
 .debug_frame   0x00000000000005c0       0x34 ./Core/Src/sysmem.o
 .debug_frame   0x00000000000005f4       0x58 ./Core/Src/system_stm32f1xx.o
 .debug_frame   0x000000000000064c      0x334 ./Drivers/STM32F1xx_HAL_Driver/Src/stm32f1xx_hal.o
 .debug_frame   0x0000000000000980      0x428 ./Drivers/STM32F1xx_HAL_Driver/Src/stm32f1xx_hal_cortex.o
 .debug_frame   0x0000000000000da8      0x14c ./Drivers/STM32F1xx_HAL_Driver/Src/stm32f1xx_hal_gpio.o
 .debug_frame   0x0000000000000ef4      0x21c ./Drivers/STM32F1xx_HAL_Driver/Src/stm32f1xx_hal_rcc.o
 .debug_frame   0x0000000000001110      0x824 ./Drivers/STM32F1xx_HAL_Driver/Src/stm32f1xx_hal_spi.o
 .debug_frame   0x0000000000001934      0x834 ./Drivers/STM32F1xx_HAL_Driver/Src/stm32f1xx_hal_uart.o
 .debug_frame   0x0000000000002168       0x4c ./FATFS/App/fatfs.o
 .debug_frame   0x00000000000021b4       0xc4 ./FATFS/Target/user_diskio.o
 .debug_frame   0x0000000000002278       0xec ./Middlewares/Third_Party/FatFs/src/diskio.o
 .debug_frame   0x0000000000002364      0x8d0 ./Middlewares/Third_Party/FatFs/src/ff.o
 .debug_frame   0x0000000000002c34       0xc8 ./Middlewares/Third_Party/FatFs/src/ff_gen_drv.o
 .debug_frame   0x0000000000002cfc       0x20 c:/st/stm32cubeide_1.8.0/stm32cubeide/plugins/com.st.stm32cube.ide.mcu.externaltools.gnu-tools-for-stm32.10.3-2021.10.win32_1.0.0.202111181127/tools/bin/../lib/gcc/arm-none-eabi/10.3.1/../../../../arm-none-eabi/lib/thumb/v7-m/nofp\libc_nano.a(lib_a-errno.o)
 .debug_frame   0x0000000000002d1c       0x2c c:/st/stm32cubeide_1.8.0/stm32cubeide/plugins/com.st.stm32cube.ide.mcu.externaltools.gnu-tools-for-stm32.10.3-2021.10.win32_1.0.0.202111181127/tools/bin/../lib/gcc/arm-none-eabi/10.3.1/../../../../arm-none-eabi/lib/thumb/v7-m/nofp\libc_nano.a(lib_a-init.o)
 .debug_frame   0x0000000000002d48       0x28 c:/st/stm32cubeide_1.8.0/stm32cubeide/plugins/com.st.stm32cube.ide.mcu.externaltools.gnu-tools-for-stm32.10.3-2021.10.win32_1.0.0.202111181127/tools/bin/../lib/gcc/arm-none-eabi/10.3.1/../../../../arm-none-eabi/lib/thumb/v7-m/nofp\libc_nano.a(lib_a-memcpy-stub.o)
 .debug_frame   0x0000000000002d70       0x20 c:/st/stm32cubeide_1.8.0/stm32cubeide/plugins/com.st.stm32cube.ide.mcu.externaltools.gnu-tools-for-stm32.10.3-2021.10.win32_1.0.0.202111181127/tools/bin/../lib/gcc/arm-none-eabi/10.3.1/../../../../arm-none-eabi/lib/thumb/v7-m/nofp\libc_nano.a(lib_a-memset.o)
 .debug_frame   0x0000000000002d90       0x6c c:/st/stm32cubeide_1.8.0/stm32cubeide/plugins/com.st.stm32cube.ide.mcu.externaltools.gnu-tools-for-stm32.10.3-2021.10.win32_1.0.0.202111181127/tools/bin/../lib/gcc/arm-none-eabi/10.3.1/../../../../arm-none-eabi/lib/thumb/v7-m/nofp\libc_nano.a(lib_a-sprintf.o)
 .debug_frame   0x0000000000002dfc       0x90 c:/st/stm32cubeide_1.8.0/stm32cubeide/plugins/com.st.stm32cube.ide.mcu.externaltools.gnu-tools-for-stm32.10.3-2021.10.win32_1.0.0.202111181127/tools/bin/../lib/gcc/arm-none-eabi/10.3.1/../../../../arm-none-eabi/lib/thumb/v7-m/nofp\libc_nano.a(lib_a-nano-svfprintf.o)
 .debug_frame   0x0000000000002e8c       0x60 c:/st/stm32cubeide_1.8.0/stm32cubeide/plugins/com.st.stm32cube.ide.mcu.externaltools.gnu-tools-for-stm32.10.3-2021.10.win32_1.0.0.202111181127/tools/bin/../lib/gcc/arm-none-eabi/10.3.1/../../../../arm-none-eabi/lib/thumb/v7-m/nofp\libc_nano.a(lib_a-nano-vfprintf_i.o)
 .debug_frame   0x0000000000002eec       0x28 c:/st/stm32cubeide_1.8.0/stm32cubeide/plugins/com.st.stm32cube.ide.mcu.externaltools.gnu-tools-for-stm32.10.3-2021.10.win32_1.0.0.202111181127/tools/bin/../lib/gcc/arm-none-eabi/10.3.1/../../../../arm-none-eabi/lib/thumb/v7-m/nofp\libc_nano.a(lib_a-memchr-stub.o)
 .debug_frame   0x0000000000002f14       0x28 c:/st/stm32cubeide_1.8.0/stm32cubeide/plugins/com.st.stm32cube.ide.mcu.externaltools.gnu-tools-for-stm32.10.3-2021.10.win32_1.0.0.202111181127/tools/bin/../lib/gcc/arm-none-eabi/10.3.1/../../../../arm-none-eabi/lib/thumb/v7-m/nofp\libc_nano.a(lib_a-memmove.o)
 .debug_frame   0x0000000000002f3c       0x38 c:/st/stm32cubeide_1.8.0/stm32cubeide/plugins/com.st.stm32cube.ide.mcu.externaltools.gnu-tools-for-stm32.10.3-2021.10.win32_1.0.0.202111181127/tools/bin/../lib/gcc/arm-none-eabi/10.3.1/../../../../arm-none-eabi/lib/thumb/v7-m/nofp\libc_nano.a(lib_a-nano-freer.o)
 .debug_frame   0x0000000000002f74       0x4c c:/st/stm32cubeide_1.8.0/stm32cubeide/plugins/com.st.stm32cube.ide.mcu.externaltools.gnu-tools-for-stm32.10.3-2021.10.win32_1.0.0.202111181127/tools/bin/../lib/gcc/arm-none-eabi/10.3.1/../../../../arm-none-eabi/lib/thumb/v7-m/nofp\libc_nano.a(lib_a-nano-mallocr.o)
 .debug_frame   0x0000000000002fc0       0x3c c:/st/stm32cubeide_1.8.0/stm32cubeide/plugins/com.st.stm32cube.ide.mcu.externaltools.gnu-tools-for-stm32.10.3-2021.10.win32_1.0.0.202111181127/tools/bin/../lib/gcc/arm-none-eabi/10.3.1/../../../../arm-none-eabi/lib/thumb/v7-m/nofp\libc_nano.a(lib_a-nano-reallocr.o)
 .debug_frame   0x0000000000002ffc       0x2c c:/st/stm32cubeide_1.8.0/stm32cubeide/plugins/com.st.stm32cube.ide.mcu.externaltools.gnu-tools-for-stm32.10.3-2021.10.win32_1.0.0.202111181127/tools/bin/../lib/gcc/arm-none-eabi/10.3.1/../../../../arm-none-eabi/lib/thumb/v7-m/nofp\libc_nano.a(lib_a-sbrkr.o)
 .debug_frame   0x0000000000003028       0x30 c:/st/stm32cubeide_1.8.0/stm32cubeide/plugins/com.st.stm32cube.ide.mcu.externaltools.gnu-tools-for-stm32.10.3-2021.10.win32_1.0.0.202111181127/tools/bin/../lib/gcc/arm-none-eabi/10.3.1/../../../../arm-none-eabi/lib/thumb/v7-m/nofp\libc_nano.a(lib_a-mlock.o)
 .debug_frame   0x0000000000003058       0x20 c:/st/stm32cubeide_1.8.0/stm32cubeide/plugins/com.st.stm32cube.ide.mcu.externaltools.gnu-tools-for-stm32.10.3-2021.10.win32_1.0.0.202111181127/tools/bin/../lib/gcc/arm-none-eabi/10.3.1/../../../../arm-none-eabi/lib/thumb/v7-m/nofp\libc_nano.a(lib_a-nano-msizer.o)
 .debug_frame   0x0000000000003078       0x5c c:/st/stm32cubeide_1.8.0/stm32cubeide/plugins/com.st.stm32cube.ide.mcu.externaltools.gnu-tools-for-stm32.10.3-2021.10.win32_1.0.0.202111181127/tools/bin/../lib/gcc/arm-none-eabi/10.3.1/../../../../arm-none-eabi/lib/thumb/v7-m/nofp\libc_nano.a(lib_a-reent.o)
 .debug_frame   0x00000000000030d4       0xb0 c:/st/stm32cubeide_1.8.0/stm32cubeide/plugins/com.st.stm32cube.ide.mcu.externaltools.gnu-tools-for-stm32.10.3-2021.10.win32_1.0.0.202111181127/tools/bin/../lib/gcc/arm-none-eabi/10.3.1/../../../../arm-none-eabi/lib/thumb/v7-m/nofp\libc_nano.a(lib_a-lock.o)
 .debug_frame   0x0000000000003184       0x30 c:/st/stm32cubeide_1.8.0/stm32cubeide/plugins/com.st.stm32cube.ide.mcu.externaltools.gnu-tools-for-stm32.10.3-2021.10.win32_1.0.0.202111181127/tools/bin/../lib/gcc/arm-none-eabi/10.3.1/thumb/v7-m/nofp\libgcc.a(_arm_muldf3.o)
 .debug_frame   0x00000000000031b4       0xac c:/st/stm32cubeide_1.8.0/stm32cubeide/plugins/com.st.stm32cube.ide.mcu.externaltools.gnu-tools-for-stm32.10.3-2021.10.win32_1.0.0.202111181127/tools/bin/../lib/gcc/arm-none-eabi/10.3.1/thumb/v7-m/nofp\libgcc.a(_arm_addsubdf3.o)
 .debug_frame   0x0000000000003260       0x24 c:/st/stm32cubeide_1.8.0/stm32cubeide/plugins/com.st.stm32cube.ide.mcu.externaltools.gnu-tools-for-stm32.10.3-2021.10.win32_1.0.0.202111181127/tools/bin/../lib/gcc/arm-none-eabi/10.3.1/thumb/v7-m/nofp\libgcc.a(_arm_fixunsdfsi.o)
